Archive member included to satisfy reference by file (symbol)

freertos_build/libfreertos_kernel.a(queue.c.o)
                              CMakeFiles/smart_glass_firmware.dir/src/middleware/src/message_bus.c.o (xQueueGenericCreate)
freertos_build/libfreertos_kernel.a(tasks.c.o)
                              CMakeFiles/smart_glass_firmware.dir/src/middleware/src/task_manager.c.o (xTaskCreate)
freertos_build/libfreertos_kernel.a(timers.c.o)
                              freertos_build/libfreertos_kernel.a(tasks.c.o) (xTimerCreateTimerTask)
freertos_build/libfreertos_kernel.a(heap_5.c.o)
                              CMakeFiles/smart_glass_firmware.dir/src/hal/src/camera_hal.c.o (pvPortMalloc)
freertos_build/libfreertos_kernel.a(list.c.o)
                              freertos_build/libfreertos_kernel.a(queue.c.o) (vListInitialise)
/opt/gcc-arm-none-eabi-10-2020-q4-major/bin/../lib/gcc/arm-none-eabi/10.2.1/../../../../arm-none-eabi/lib/thumb/v7e-m+dp/hard/libm.a(lib_a-cosf.o)
                              CMakeFiles/smart_glass_firmware.dir/src/application/src/emergency_manager.c.o (cosf)
/opt/gcc-arm-none-eabi-10-2020-q4-major/bin/../lib/gcc/arm-none-eabi/10.2.1/../../../../arm-none-eabi/lib/thumb/v7e-m+dp/hard/libm.a(lib_a-math_errf.o)
                              /opt/gcc-arm-none-eabi-10-2020-q4-major/bin/../lib/gcc/arm-none-eabi/10.2.1/../../../../arm-none-eabi/lib/thumb/v7e-m+dp/hard/libm.a(lib_a-cosf.o) (__math_invalidf)
/opt/gcc-arm-none-eabi-10-2020-q4-major/bin/../lib/gcc/arm-none-eabi/10.2.1/../../../../arm-none-eabi/lib/thumb/v7e-m+dp/hard/libm.a(lib_a-sf_exp.o)
                              CMakeFiles/smart_glass_firmware.dir/src/application/src/memory_assistant.c.o (expf)
/opt/gcc-arm-none-eabi-10-2020-q4-major/bin/../lib/gcc/arm-none-eabi/10.2.1/../../../../arm-none-eabi/lib/thumb/v7e-m+dp/hard/libm.a(lib_a-sf_exp2_data.o)
                              /opt/gcc-arm-none-eabi-10-2020-q4-major/bin/../lib/gcc/arm-none-eabi/10.2.1/../../../../arm-none-eabi/lib/thumb/v7e-m+dp/hard/libm.a(lib_a-sf_exp.o) (__exp2f_data)
/opt/gcc-arm-none-eabi-10-2020-q4-major/bin/../lib/gcc/arm-none-eabi/10.2.1/../../../../arm-none-eabi/lib/thumb/v7e-m+dp/hard/libm.a(lib_a-sf_fmax.o)
                              CMakeFiles/smart_glass_firmware.dir/src/application/src/emergency_manager.c.o (fmaxf)
/opt/gcc-arm-none-eabi-10-2020-q4-major/bin/../lib/gcc/arm-none-eabi/10.2.1/../../../../arm-none-eabi/lib/thumb/v7e-m+dp/hard/libm.a(lib_a-sf_fpclassify.o)
                              /opt/gcc-arm-none-eabi-10-2020-q4-major/bin/../lib/gcc/arm-none-eabi/10.2.1/../../../../arm-none-eabi/lib/thumb/v7e-m+dp/hard/libm.a(lib_a-sf_fmax.o) (__fpclassifyf)
/opt/gcc-arm-none-eabi-10-2020-q4-major/bin/../lib/gcc/arm-none-eabi/10.2.1/../../../../arm-none-eabi/lib/thumb/v7e-m+dp/hard/libm.a(lib_a-sf_tan.o)
                              CMakeFiles/smart_glass_firmware.dir/src/ai/src/object_detection.c.o (tanf)
/opt/gcc-arm-none-eabi-10-2020-q4-major/bin/../lib/gcc/arm-none-eabi/10.2.1/../../../../arm-none-eabi/lib/thumb/v7e-m+dp/hard/libm.a(lib_a-sincosf_data.o)
                              /opt/gcc-arm-none-eabi-10-2020-q4-major/bin/../lib/gcc/arm-none-eabi/10.2.1/../../../../arm-none-eabi/lib/thumb/v7e-m+dp/hard/libm.a(lib_a-cosf.o) (__inv_pio4)
/opt/gcc-arm-none-eabi-10-2020-q4-major/bin/../lib/gcc/arm-none-eabi/10.2.1/../../../../arm-none-eabi/lib/thumb/v7e-m+dp/hard/libm.a(lib_a-sinf.o)
                              CMakeFiles/smart_glass_firmware.dir/src/navigation/src/navigation_engine.c.o (sinf)
/opt/gcc-arm-none-eabi-10-2020-q4-major/bin/../lib/gcc/arm-none-eabi/10.2.1/../../../../arm-none-eabi/lib/thumb/v7e-m+dp/hard/libm.a(lib_a-wf_atan2.o)
                              CMakeFiles/smart_glass_firmware.dir/src/decision/src/context_manager.c.o (atan2f)
/opt/gcc-arm-none-eabi-10-2020-q4-major/bin/../lib/gcc/arm-none-eabi/10.2.1/../../../../arm-none-eabi/lib/thumb/v7e-m+dp/hard/libm.a(lib_a-wf_fmod.o)
                              CMakeFiles/smart_glass_firmware.dir/src/navigation/src/navigation_engine.c.o (fmodf)
/opt/gcc-arm-none-eabi-10-2020-q4-major/bin/../lib/gcc/arm-none-eabi/10.2.1/../../../../arm-none-eabi/lib/thumb/v7e-m+dp/hard/libm.a(lib_a-wf_sqrt.o)
                              CMakeFiles/smart_glass_firmware.dir/src/ai/src/object_tracking.c.o (sqrtf)
/opt/gcc-arm-none-eabi-10-2020-q4-major/bin/../lib/gcc/arm-none-eabi/10.2.1/../../../../arm-none-eabi/lib/thumb/v7e-m+dp/hard/libm.a(lib_a-ef_atan2.o)
                              /opt/gcc-arm-none-eabi-10-2020-q4-major/bin/../lib/gcc/arm-none-eabi/10.2.1/../../../../arm-none-eabi/lib/thumb/v7e-m+dp/hard/libm.a(lib_a-wf_atan2.o) (__ieee754_atan2f)
/opt/gcc-arm-none-eabi-10-2020-q4-major/bin/../lib/gcc/arm-none-eabi/10.2.1/../../../../arm-none-eabi/lib/thumb/v7e-m+dp/hard/libm.a(lib_a-ef_fmod.o)
[...]
Memory Configuration

Name             Origin             Length             Attributes
FLASH            0x0000000008000000 0x0000000000200000 xr
DTCM             0x0000000020000000 0x0000000000020000 rw
AXI_SRAM         0x0000000024000000 0x0000000000080000 rw
SRAM1            0x0000000030000000 0x0000000000020000 rw
SRAM2            0x0000000030020000 0x0000000000020000 rw
SRAM3            0x0000000030040000 0x0000000000008000 rw
*default*        0x0000000000000000 0xffffffffffffffff

Linker script and memory map

LOAD /opt/gcc-arm-none-eabi-10-2020-q4-major/bin/../lib/gcc/arm-none-eabi/10.2.1/thumb/v7e-m+dp/hard/crti.o
LOAD /opt/gcc-arm-none-eabi-10-2020-q4-major/bin/../lib/gcc/arm-none-eabi/10.2.1/thumb/v7e-m+dp/hard/crtbegin.o
LOAD /opt/gcc-arm-none-eabi-10-2020-q4-major/bin/../lib/gcc/arm-none-eabi/10.2.1/../../../../arm-none-eabi/lib/thumb/v7e-m+dp/hard/crt0.o
LOAD /opt/gcc-arm-none-eabi-10-2020-q4-major/bin/../lib/gcc/arm-none-eabi/10.2.1/../../../../arm-none-eabi/lib/thumb/v7e-m+dp/hard/libm.a
LOAD CMakeFiles/smart_glass_firmware.dir/src/ai/src/depth_processing.c.o
LOAD CMakeFiles/smart_glass_firmware.dir/src/ai/src/ei_runtime.c.o
LOAD CMakeFiles/smart_glass_firmware.dir/src/ai/src/object_detection.c.o
LOAD CMakeFiles/smart_glass_firmware.dir/src/ai/src/object_tracking.c.o
LOAD CMakeFiles/smart_glass_firmware.dir/src/ai/src/scene_understanding.c.o
LOAD CMakeFiles/smart_glass_firmware.dir/src/application/src/application_manager.c.o
LOAD CMakeFiles/smart_glass_firmware.dir/src/application/src/emergency_manager.c.o
LOAD CMakeFiles/smart_glass_firmware.dir/src/application/src/memory_assistant.c.o
LOAD CMakeFiles/smart_glass_firmware.dir/src/application/src/reminder_manager.c.o
LOAD CMakeFiles/smart_glass_firmware.dir/src/database/src/database_manager.c.o
LOAD CMakeFiles/smart_glass_firmware.dir/src/decision/src/context_manager.c.o
LOAD CMakeFiles/smart_glass_firmware.dir/src/decision/src/decision_engine.c.o
LOAD CMakeFiles/smart_glass_firmware.dir/src/decision/src/hazard_priority.c.o
LOAD CMakeFiles/smart_glass_firmware.dir/src/drivers/src/audio_drv.c.o
LOAD CMakeFiles/smart_glass_firmware.dir/src/drivers/src/battery_drv.c.o
LOAD CMakeFiles/smart_glass_firmware.dir/src/drivers/src/gps_drv.c.o
LOAD CMakeFiles/smart_glass_firmware.dir/src/drivers/src/i2c_imu_drv.c.o
LOAD CMakeFiles/smart_glass_firmware.dir/src/drivers/src/usb_camera_drv.c.o
LOAD CMakeFiles/smart_glass_firmware.dir/src/freertos_hooks.c.o
LOAD CMakeFiles/smart_glass_firmware.dir/src/hal/src/audio_hal.c.o
LOAD CMakeFiles/smart_glass_firmware.dir/src/hal/src/battery_hal.c.o
LOAD CMakeFiles/smart_glass_firmware.dir/src/hal/src/camera_hal.c.o
LOAD CMakeFiles/smart_glass_firmware.dir/src/hal/src/gps_hal.c.o
LOAD CMakeFiles/smart_glass_firmware.dir/src/hal/src/imu_hal.c.o
LOAD CMakeFiles/smart_glass_firmware.dir/src/main.c.o
LOAD CMakeFiles/smart_glass_firmware.dir/src/middleware/src/config_manager.c.o
LOAD CMakeFiles/smart_glass_firmware.dir/src/middleware/src/diagnostics_manager.c.o
LOAD CMakeFiles/smart_glass_firmware.dir/src/middleware/src/logging_manager.c.o
LOAD CMakeFiles/smart_glass_firmware.dir/src/middleware/src/message_bus.c.o
LOAD CMakeFiles/smart_glass_firmware.dir/src/middleware/src/system_health.c.o
LOAD CMakeFiles/smart_glass_firmware.dir/src/middleware/src/system_manager.c.o
LOAD CMakeFiles/smart_glass_firmware.dir/src/middleware/src/task_manager.c.o
LOAD CMakeFiles/smart_glass_firmware.dir/src/middleware/src/task_stubs.c.o
LOAD CMakeFiles/smart_glass_firmware.dir/src/middleware/src/watchdog_manager.c.o
LOAD CMakeFiles/smart_glass_firmware.dir/src/navigation/src/navigation_engine.c.o
LOAD CMakeFiles/smart_glass_firmware.dir/src/navigation/src/obstacle_avoidance.c.o
LOAD CMakeFiles/smart_glass_firmware.dir/src/navigation/src/path_planner.c.o
LOAD CMakeFiles/smart_glass_firmware.dir/src/voice/src/speech_synthesis.c.o
LOAD CMakeFiles/smart_glass_firmware.dir/src/voice/src/voice_recognition.c.o
LOAD CMakeFiles/smart_glass_firmware.dir/startup_stm32h743xx.s.o
LOAD freertos_build/libfreertos_kernel.a
LOAD /opt/gcc-arm-none-eabi-10-2020-q4-major/bin/../lib/gcc/arm-none-eabi/10.2.1/../../../../arm-none-eabi/lib/thumb/v7e-m+dp/hard/libm.a
LOAD freertos_build/portable/libfreertos_kernel_port.a
LOAD freertos_build/libfreertos_kernel.a
LOAD freertos_build/portable/libfreertos_kernel_port.a
START GROUP
LOAD /opt/gcc-arm-none-eabi-10-2020-q4-major/bin/../lib/gcc/arm-none-eabi/10.2.1/thumb/v7e-m+dp/hard/libgcc.a
LOAD /opt/gcc-arm-none-eabi-10-2020-q4-major/bin/../lib/gcc/arm-none-eabi/10.2.1/../../../../arm-none-eabi/lib/thumb/v7e-m+dp/hard/libc_nano.a
END GROUP
START GROUP
LOAD /opt/gcc-arm-none-eabi-10-2020-q4-major/bin/../lib/gcc/arm-none-eabi/10.2.1/thumb/v7e-m+dp/hard/libgcc.a
LOAD /opt/gcc-arm-none-eabi-10-2020-q4-major/bin/../lib/gcc/arm-none-eabi/10.2.1/../../../../arm-none-eabi/lib/thumb/v7e-m+dp/hard/libc_nano.a
LOAD /opt/gcc-arm-none-eabi-10-2020-q4-major/bin/../lib/gcc/arm-none-eabi/10.2.1/../../../../arm-none-eabi/lib/thumb/v7e-m+dp/hard/libnosys.a
END GROUP
START GROUP
LOAD /opt/gcc-arm-none-eabi-10-2020-q4-major/bin/../lib/gcc/arm-none-eabi/10.2.1/thumb/v7e-m+dp/hard/libgcc.a
LOAD /opt/gcc-arm-none-eabi-10-2020-q4-major/bin/../lib/gcc/arm-none-eabi/10.2.1/../../../../arm-none-eabi/lib/thumb/v7e-m+dp/hard/libc_nano.a
LOAD /opt/gcc-arm-none-eabi-10-2020-q4-major/bin/../lib/gcc/arm-none-eabi/10.2.1/../../../../arm-none-eabi/lib/thumb/v7e-m+dp/hard/libnosys.a
END GROUP
LOAD /opt/gcc-arm-none-eabi-10-2020-q4-major/bin/../lib/gcc/arm-none-eabi/10.2.1/thumb/v7e-m+dp/hard/crtend.o
LOAD /opt/gcc-arm-none-eabi-10-2020-q4-major/bin/../lib/gcc/arm-none-eabi/10.2.1/thumb/v7e-m+dp/hard/crtn.o
                0x0000000000040000                _Min_Heap_Size = 0x40000
                0x0000000000001000                _Min_Stack_Size = 0x1000

.isr_vector     0x0000000008000000      0x270
 *(.isr_vector)
 .isr_vector    0x0000000008000000      0x270 CMakeFiles/smart_glass_firmware.dir/startup_stm32h743xx.s.o
                0x0000000008000000                g_pfnVectors

.text           0x0000000008000270    0x111bc
                0x0000000008000270                . = ALIGN (0x4)
 *(.text)
 .text          0x0000000008000270      0x378 /opt/gcc-arm-none-eabi-10-2020-q4-major/bin/../lib/gcc/arm-none-eabi/10.2.1/thumb/v7e-m+dp/hard/libgcc.a(_arm_addsubdf3.o)
                0x0000000008000270                __aeabi_drsub
                0x0000000008000278                __aeabi_dsub
                0x0000000008000278                __subdf3
                0x000000000800027c                __adddf3
                0x000000000800027c                __aeabi_dadd
                0x00000000080004f4                __aeabi_ui2d
                0x00000000080004f4                __floatunsidf
                0x0000000008000514                __floatsidf
                0x0000000008000514                __aeabi_i2d
                0x0000000008000538                __extendsfdf2
                0x0000000008000538                __aeabi_f2d
                0x000000000800057c                __aeabi_ul2d
                0x000000000800057c                __floatundidf
                0x000000000800058c                __floatdidf
                0x000000000800058c                __aeabi_l2d
 .text          0x00000000080005e8       0x14 /opt/gcc-arm-none-eabi-10-2020-q4-major/bin/../lib/gcc/arm-none-eabi/10.2.1/../../../../arm-none-eabi/lib/thumb/v7e-m+dp/hard/libc_nano.a(lib_a-strcmp.o)
                0x00000000080005e8                strcmp
 .text          0x00000000080005fc       0x10 /opt/gcc-arm-none-eabi-10-2020-q4-major/bin/../lib/gcc/arm-none-eabi/10.2.1/../../../../arm-none-eabi/lib/thumb/v7e-m+dp/hard/libc_nano.a(lib_a-strlen.o)
                0x00000000080005fc                strlen
 *fill*         0x000000000800060c        0x4 
 .text          0x0000000008000610       0xa0 /opt/gcc-arm-none-eabi-10-2020-q4-major/bin/../lib/gcc/arm-none-eabi/10.2.1/../../../../arm-none-eabi/lib/thumb/v7e-m+dp/hard/libc_nano.a(lib_a-memchr.o)
                0x0000000008000610                memchr
 .text          0x00000000080006b0       0x30 /opt/gcc-arm-none-eabi-10-2020-q4-major/bin/../lib/gcc/arm-none-eabi/10.2.1/thumb/v7e-m+dp/hard/libgcc.a(_fixdfdi.o)
                0x00000000080006b0                __aeabi_d2lz
                0x00000000080006b0                __fixdfdi
 .text          0x00000000080006e0       0x40 /opt/gcc-arm-none-eabi-10-2020-q4-major/bin/../lib/gcc/arm-none-eabi/10.2.1/thumb/v7e-m+dp/hard/libgcc.a(_fixunsdfdi.o)
                0x00000000080006e0                __aeabi_d2ulz
                0x00000000080006e0                __fixunsdfdi
 *(.text.*)
 .text.compute_confidence_map
                0x0000000008000720       0xf0 CMakeFiles/smart_glass_firmware.dir/src/ai/src/depth_processing.c.o
 .text.compute_min_dist_grid
                0x0000000008000810      0x1b8 CMakeFiles/smart_glass_firmware.dir/src/ai/src/depth_processing.c.o
 .text.simulate_depth_inference
                0x00000000080009c8      0x12c CMakeFiles/smart_glass_firmware.dir/src/ai/src/depth_processing.c.o
 .text.temporal_filter
                0x0000000008000af4      0x120 CMakeFiles/smart_glass_firmware.dir/src/ai/src/depth_processing.c.o
 .text.process_frame
                0x0000000008000c14      0x1a0 CMakeFiles/smart_glass_firmware.dir/src/ai/src/depth_processing.c.o
 .text.depth_init
                0x0000000008000db4       0xf8 CMakeFiles/smart_glass_firmware.dir/src/ai/src/depth_processing.c.o
                0x0000000008000db4                depth_init
 .text.depth_frame_callback
                0x0000000008000eac       0x48 CMakeFiles/smart_glass_firmware.dir/src/ai/src/depth_processing.c.o
 .text.depth_task_entry
                0x0000000008000ef4       0x24 CMakeFiles/smart_glass_firmware.dir/src/ai/src/depth_processing.c.o
                0x0000000008000ef4                depth_task_entry
 .text.ei_runtime_init
                0x0000000008000f18       0xb8 CMakeFiles/smart_glass_firmware.dir/src/ai/src/ei_runtime.c.o
                0x0000000008000f18                ei_runtime_init
 .text.object_detection_init
                0x0000000008000fd0      0x130 CMakeFiles/smart_glass_firmware.dir/src/ai/src/object_detection.c.o
                0x0000000008000fd0                object_detection_init
 .text.tracker_init
                0x0000000008001100      0x138 CMakeFiles/smart_glass_firmware.dir/src/ai/src/object_tracking.c.o
                0x0000000008001100                tracker_init
 .text.scene_init
                0x0000000008001238       0xb4 CMakeFiles/smart_glass_firmware.dir/src/ai/src/scene_understanding.c.o
                0x0000000008001238                scene_init
 .text.app_manager_init
                0x00000000080012ec       0x88 CMakeFiles/smart_glass_firmware.dir/src/application/src/application_manager.c.o
                0x00000000080012ec                app_manager_init
 .text.emergency_init
                0x0000000008001374      0x120 CMakeFiles/smart_glass_firmware.dir/src/application/src/emergency_manager.c.o
                0x0000000008001374                emergency_init
 .text.mem_assist_init
                0x0000000008001494       0xf0 CMakeFiles/smart_glass_firmware.dir/src/application/src/memory_assistant.c.o
                0x0000000008001494                mem_assist_init
 .text.reminder_init
                0x0000000008001584       0xc4 CMakeFiles/smart_glass_firmware.dir/src/application/src/reminder_manager.c.o
                0x0000000008001584                reminder_init
 .text.find_table
                0x0000000008001648       0x80 CMakeFiles/smart_glass_firmware.dir/src/database/src/database_manager.c.o
 .text.tokenize
                0x00000000080016c8      0x1c8 CMakeFiles/smart_glass_firmware.dir/src/database/src/database_manager.c.o
 .text.exec_create
                0x0000000008001890      0x49c CMakeFiles/smart_glass_firmware.dir/src/database/src/database_manager.c.o
 .text.exec_insert
                0x0000000008001d2c      0x4b4 CMakeFiles/smart_glass_firmware.dir/src/database/src/database_manager.c.o
 .text.db_init  0x00000000080021e0      0x190 CMakeFiles/smart_glass_firmware.dir/src/database/src/database_manager.c.o
                0x00000000080021e0                db_init
 .text.now_us   0x0000000008002370       0x16 CMakeFiles/smart_glass_firmware.dir/src/decision/src/decision_engine.c.o
 .text.now_ms   0x0000000008002386        0xe CMakeFiles/smart_glass_firmware.dir/src/decision/src/decision_engine.c.o
 .text.event_is_stale
                0x0000000008002394       0x4c CMakeFiles/smart_glass_firmware.dir/src/decision/src/decision_engine.c.o
 .text.pop_highest_priority
                0x00000000080023e0      0x1dc CMakeFiles/smart_glass_firmware.dir/src/decision/src/decision_engine.c.o
 .text.is_speech_throttled
                0x00000000080025bc       0x54 CMakeFiles/smart_glass_firmware.dir/src/decision/src/decision_engine.c.o
 .text.select_and_execute_action
                0x0000000008002610      0x490 CMakeFiles/smart_glass_firmware.dir/src/decision/src/decision_engine.c.o
 .text.dec_eng_process
                0x0000000008002aa0       0x50 CMakeFiles/smart_glass_firmware.dir/src/decision/src/decision_engine.c.o
                0x0000000008002aa0                dec_eng_process
 .text.dec_eng_task_entry
                0x0000000008002af0       0x28 CMakeFiles/smart_glass_firmware.dir/src/decision/src/decision_engine.c.o
                0x0000000008002af0                dec_eng_task_entry
 .text.codec_write_reg
                0x0000000008002b18       0x1e CMakeFiles/smart_glass_firmware.dir/src/drivers/src/audio_drv.c.o
 *fill*         0x0000000008002b36        0x2 
 .text.audio_drv_init
                0x0000000008002b38       0xd0 CMakeFiles/smart_glass_firmware.dir/src/drivers/src/audio_drv.c.o
                0x0000000008002b38                audio_drv_init
 .text.audio_drv_set_volume
                0x0000000008002c08       0x54 CMakeFiles/smart_glass_firmware.dir/src/drivers/src/audio_drv.c.o
                0x0000000008002c08                audio_drv_set_volume
 .text.i2c_write_byte
                0x0000000008002c5c       0x20 CMakeFiles/smart_glass_firmware.dir/src/drivers/src/battery_drv.c.o
 .text.battery_drv_init
                0x0000000008002c7c       0x5c CMakeFiles/smart_glass_firmware.dir/src/drivers/src/battery_drv.c.o
                0x0000000008002c7c                battery_drv_init
 .text.battery_drv_set_alert_soc
                0x0000000008002cd8       0x28 CMakeFiles/smart_glass_firmware.dir/src/drivers/src/battery_drv.c.o
                0x0000000008002cd8                battery_drv_set_alert_soc
 .text.gps_drv_init
                0x0000000008002d00       0x68 CMakeFiles/smart_glass_firmware.dir/src/drivers/src/gps_drv.c.o
                0x0000000008002d00                gps_drv_init
 .text.gps_drv_set_power_mode
                0x0000000008002d68       0x18 CMakeFiles/smart_glass_firmware.dir/src/drivers/src/gps_drv.c.o
                0x0000000008002d68                gps_drv_set_power_mode
 .text.i2c_read_regs
                0x0000000008002d80      0x114 CMakeFiles/smart_glass_firmware.dir/src/drivers/src/i2c_imu_drv.c.o
 .text.i2c_imu_drv_init
                0x0000000008002e94       0x20 CMakeFiles/smart_glass_firmware.dir/src/drivers/src/i2c_imu_drv.c.o
                0x0000000008002e94                i2c_imu_drv_init
 .text.i2c_imu_drv_self_test
                0x0000000008002eb4       0x36 CMakeFiles/smart_glass_firmware.dir/src/drivers/src/i2c_imu_drv.c.o
                0x0000000008002eb4                i2c_imu_drv_self_test
 *fill*         0x0000000008002eea        0x2 
 .text.usb_camera_drv_init
                0x0000000008002eec       0x64 CMakeFiles/smart_glass_firmware.dir/src/drivers/src/usb_camera_drv.c.o
                0x0000000008002eec                usb_camera_drv_init
 .text.usb_camera_drv_start
                0x0000000008002f50       0x34 CMakeFiles/smart_glass_firmware.dir/src/drivers/src/usb_camera_drv.c.o
                0x0000000008002f50                usb_camera_drv_start
 .text.usb_camera_drv_read_frame
                0x0000000008002f84      0x1a4 CMakeFiles/smart_glass_firmware.dir/src/drivers/src/usb_camera_drv.c.o
                0x0000000008002f84                usb_camera_drv_read_frame
 .text.vApplicationIdleHook
                0x0000000008003128       0x4c CMakeFiles/smart_glass_firmware.dir/src/freertos_hooks.c.o
                0x0000000008003128                vApplicationIdleHook
 .text.vApplicationTickHook
                0x0000000008003174        0xe CMakeFiles/smart_glass_firmware.dir/src/freertos_hooks.c.o
                0x0000000008003174                vApplicationTickHook
 *fill*         0x0000000008003182        0x2 
 .text.vApplicationStackOverflowHook
                0x0000000008003184       0x24 CMakeFiles/smart_glass_firmware.dir/src/freertos_hooks.c.o
                0x0000000008003184                vApplicationStackOverflowHook
 .text.vApplicationMallocFailedHook
                0x00000000080031a8       0x20 CMakeFiles/smart_glass_firmware.dir/src/freertos_hooks.c.o
                0x00000000080031a8                vApplicationMallocFailedHook
 .text.audio_hal_init
                0x00000000080031c8       0xbc CMakeFiles/smart_glass_firmware.dir/src/hal/src/audio_hal.c.o
                0x00000000080031c8                audio_hal_init
 .text.battery_hal_init
                0x0000000008003284       0xd4 CMakeFiles/smart_glass_firmware.dir/src/hal/src/battery_hal.c.o
                0x0000000008003284                battery_hal_init
 .text.camera_hal_init
                0x0000000008003358       0x78 CMakeFiles/smart_glass_firmware.dir/src/hal/src/camera_hal.c.o
                0x0000000008003358                camera_hal_init
 .text.camera_hal_start_stream
                0x00000000080033d0       0x34 CMakeFiles/smart_glass_firmware.dir/src/hal/src/camera_hal.c.o
                0x00000000080033d0                camera_hal_start_stream
 .text.camera_task_entry
                0x0000000008003404       0xd8 CMakeFiles/smart_glass_firmware.dir/src/hal/src/camera_hal.c.o
                0x0000000008003404                camera_task_entry
 .text.gps_hal_init
                0x00000000080034dc      0x11c CMakeFiles/smart_glass_firmware.dir/src/hal/src/gps_hal.c.o
                0x00000000080034dc                gps_hal_init
 .text.imu_hal_init
                0x00000000080035f8       0x30 CMakeFiles/smart_glass_firmware.dir/src/hal/src/imu_hal.c.o
                0x00000000080035f8                imu_hal_init
 .text.init_heap
                0x0000000008003628       0x44 CMakeFiles/smart_glass_firmware.dir/src/main.c.o
 .text.init_drivers
                0x000000000800366c        0xe CMakeFiles/smart_glass_firmware.dir/src/main.c.o
 *fill*         0x000000000800367a        0x2 
 .text.init_middleware
                0x000000000800367c       0xbc CMakeFiles/smart_glass_firmware.dir/src/main.c.o
 .text.init_hal
                0x0000000008003738       0xd8 CMakeFiles/smart_glass_firmware.dir/src/main.c.o
 .text.init_database
                0x0000000008003810       0x4c CMakeFiles/smart_glass_firmware.dir/src/main.c.o
 .text.init_ai_models
                0x000000000800385c      0x12c CMakeFiles/smart_glass_firmware.dir/src/main.c.o
 .text.init_navigation
                0x0000000008003988       0x94 CMakeFiles/smart_glass_firmware.dir/src/main.c.o
 .text.init_voice
                0x0000000008003a1c       0x60 CMakeFiles/smart_glass_firmware.dir/src/main.c.o
 .text.init_applications
                0x0000000008003a7c      0x100 CMakeFiles/smart_glass_firmware.dir/src/main.c.o
 .text.main     0x0000000008003b7c       0x32 CMakeFiles/smart_glass_firmware.dir/src/main.c.o
                0x0000000008003b7c                main
 *fill*         0x0000000008003bae        0x2 
 .text.find_entry
                0x0000000008003bb0       0x60 CMakeFiles/smart_glass_firmware.dir/src/middleware/src/config_manager.c.o
 .text.add_entry
                0x0000000008003c10       0x70 CMakeFiles/smart_glass_firmware.dir/src/middleware/src/config_manager.c.o
 .text.notify_watchers
                0x0000000008003c80       0xc0 CMakeFiles/smart_glass_firmware.dir/src/middleware/src/config_manager.c.o
 .text.set_defaults
                0x0000000008003d40      0x26c CMakeFiles/smart_glass_firmware.dir/src/middleware/src/config_manager.c.o
 .text.config_init
                0x0000000008003fac       0x50 CMakeFiles/smart_glass_firmware.dir/src/middleware/src/config_manager.c.o
                0x0000000008003fac                config_init
 .text.config_get_int
                0x0000000008003ffc       0x80 CMakeFiles/smart_glass_firmware.dir/src/middleware/src/config_manager.c.o
                0x0000000008003ffc                config_get_int
 .text.set_entry
                0x000000000800407c      0x118 CMakeFiles/smart_glass_firmware.dir/src/middleware/src/config_manager.c.o
 .text.config_set_int
                0x0000000008004194       0x2c CMakeFiles/smart_glass_firmware.dir/src/middleware/src/config_manager.c.o
                0x0000000008004194                config_set_int
 .text.diag_init
                0x00000000080041c0       0x98 CMakeFiles/smart_glass_firmware.dir/src/middleware/src/diagnostics_manager.c.o
                0x00000000080041c0                diag_init
 .text.level_str
                0x0000000008004258       0x68 CMakeFiles/smart_glass_firmware.dir/src/middleware/src/logging_manager.c.o
 .text.find_module
                0x00000000080042c0       0x50 CMakeFiles/smart_glass_firmware.dir/src/middleware/src/logging_manager.c.o
 .text.vlog     0x0000000008004310      0x1fc CMakeFiles/smart_glass_firmware.dir/src/middleware/src/logging_manager.c.o
 .text.log_init
                0x000000000800450c       0x78 CMakeFiles/smart_glass_firmware.dir/src/middleware/src/logging_manager.c.o
                0x000000000800450c                log_init
 .text.log_debug
                0x0000000008004584       0x2a CMakeFiles/smart_glass_firmware.dir/src/middleware/src/logging_manager.c.o
                0x0000000008004584                log_debug
 .text.log_info
                0x00000000080045ae       0x2a CMakeFiles/smart_glass_firmware.dir/src/middleware/src/logging_manager.c.o
                0x00000000080045ae                log_info
 .text.log_warn
                0x00000000080045d8       0x2a CMakeFiles/smart_glass_firmware.dir/src/middleware/src/logging_manager.c.o
                0x00000000080045d8                log_warn
 .text.log_error
                0x0000000008004602       0x2a CMakeFiles/smart_glass_firmware.dir/src/middleware/src/logging_manager.c.o
                0x0000000008004602                log_error
 .text.log_critical
                0x000000000800462c       0x2a CMakeFiles/smart_glass_firmware.dir/src/middleware/src/logging_manager.c.o
                0x000000000800462c                log_critical
 .text.log_flush
                0x0000000008004656       0x10 CMakeFiles/smart_glass_firmware.dir/src/middleware/src/logging_manager.c.o
                0x0000000008004656                log_flush
 *fill*         0x0000000008004666        0x2 
 .text.message_bus_init
                0x0000000008004668       0x64 CMakeFiles/smart_glass_firmware.dir/src/middleware/src/message_bus.c.o
                0x0000000008004668                message_bus_init
 .text.message_bus_publish
                0x00000000080046cc      0x138 CMakeFiles/smart_glass_firmware.dir/src/middleware/src/message_bus.c.o
                0x00000000080046cc                message_bus_publish
 .text.message_bus_subscribe
                0x0000000008004804       0xbc CMakeFiles/smart_glass_firmware.dir/src/middleware/src/message_bus.c.o
                0x0000000008004804                message_bus_subscribe
 .text.message_bus_dispatch_task
                0x00000000080048c0       0xd8 CMakeFiles/smart_glass_firmware.dir/src/middleware/src/message_bus.c.o
                0x00000000080048c0                message_bus_dispatch_task
 .text.now_ms   0x0000000008004998        0xe CMakeFiles/smart_glass_firmware.dir/src/middleware/src/system_health.c.o
 *fill*         0x00000000080049a6        0x2 
 .text.system_health_init
                0x00000000080049a8       0x20 CMakeFiles/smart_glass_firmware.dir/src/middleware/src/system_health.c.o
                0x00000000080049a8                system_health_init
 .text.system_health_feed_watchdog
                0x00000000080049c8       0x58 CMakeFiles/smart_glass_firmware.dir/src/middleware/src/system_health.c.o
                0x00000000080049c8                system_health_feed_watchdog
 .text.system_health_report_boot_failure
                0x0000000008004a20       0x34 CMakeFiles/smart_glass_firmware.dir/src/middleware/src/system_health.c.o
                0x0000000008004a20                system_health_report_boot_failure
 .text.system_health_get_watchdog_state
                0x0000000008004a54       0x5c CMakeFiles/smart_glass_firmware.dir/src/middleware/src/system_health.c.o
                0x0000000008004a54                system_health_get_watchdog_state
 .text.now_ms   0x0000000008004ab0        0xe CMakeFiles/smart_glass_firmware.dir/src/middleware/src/system_manager.c.o
 *fill*         0x0000000008004abe        0x2 
 .text.sys_manager_init
                0x0000000008004ac0       0x94 CMakeFiles/smart_glass_firmware.dir/src/middleware/src/system_manager.c.o
                0x0000000008004ac0                sys_manager_init
 .text.sys_manager_get_info
                0x0000000008004b54       0xc4 CMakeFiles/smart_glass_firmware.dir/src/middleware/src/system_manager.c.o
                0x0000000008004b54                sys_manager_get_info
 .text.sys_task_entry
                0x0000000008004c18       0x30 CMakeFiles/smart_glass_firmware.dir/src/middleware/src/system_manager.c.o
                0x0000000008004c18                sys_task_entry
 .text.task_manager_start_all
                0x0000000008004c48       0x88 CMakeFiles/smart_glass_firmware.dir/src/middleware/src/task_manager.c.o
                0x0000000008004c48                task_manager_start_all
 .text.task_manager_feed_watchdog
                0x0000000008004cd0       0x1a CMakeFiles/smart_glass_firmware.dir/src/middleware/src/task_manager.c.o
                0x0000000008004cd0                task_manager_feed_watchdog
 .text.now_ms   0x0000000008004cea        0xe CMakeFiles/smart_glass_firmware.dir/src/middleware/src/task_manager.c.o
 .text.task_manager_all_healthy
                0x0000000008004cf8       0x52 CMakeFiles/smart_glass_firmware.dir/src/middleware/src/task_manager.c.o
                0x0000000008004cf8                task_manager_all_healthy
 .text.ai_task_entry
                0x0000000008004d4a       0x24 CMakeFiles/smart_glass_firmware.dir/src/middleware/src/task_stubs.c.o
                0x0000000008004d4a                ai_task_entry
 .text.navigation_task_entry
                0x0000000008004d6e       0x24 CMakeFiles/smart_glass_firmware.dir/src/middleware/src/task_stubs.c.o
                0x0000000008004d6e                navigation_task_entry
 .text.voice_task_entry
                0x0000000008004d92       0x24 CMakeFiles/smart_glass_firmware.dir/src/middleware/src/task_stubs.c.o
                0x0000000008004d92                voice_task_entry
 .text.bms_task_entry
                0x0000000008004db6       0x26 CMakeFiles/smart_glass_firmware.dir/src/middleware/src/task_stubs.c.o
                0x0000000008004db6                bms_task_entry
 .text.log_task_entry
                0x0000000008004ddc       0x28 CMakeFiles/smart_glass_firmware.dir/src/middleware/src/task_stubs.c.o
                0x0000000008004ddc                log_task_entry
 .text.now_ms   0x0000000008004e04        0xe CMakeFiles/smart_glass_firmware.dir/src/middleware/src/watchdog_manager.c.o
 *fill*         0x0000000008004e12        0x2 
 .text.monitor_callback
                0x0000000008004e14       0xb4 CMakeFiles/smart_glass_firmware.dir/src/middleware/src/watchdog_manager.c.o
 .text.wdog_init
                0x0000000008004ec8       0xe8 CMakeFiles/smart_glass_firmware.dir/src/middleware/src/watchdog_manager.c.o
                0x0000000008004ec8                wdog_init
 .text.deg2rad_f
                0x0000000008004fb0       0x28 CMakeFiles/smart_glass_firmware.dir/src/navigation/src/navigation_engine.c.o
 .text.rad2deg_f
                0x0000000008004fd8       0x28 CMakeFiles/smart_glass_firmware.dir/src/navigation/src/navigation_engine.c.o
 .text.wrap_360
                0x0000000008005000       0x48 CMakeFiles/smart_glass_firmware.dir/src/navigation/src/navigation_engine.c.o
 .text.bearing_diff_deg
                0x0000000008005048       0x88 CMakeFiles/smart_glass_firmware.dir/src/navigation/src/navigation_engine.c.o
 .text.compute_bearing_distance
                0x00000000080050d0      0x228 CMakeFiles/smart_glass_firmware.dir/src/navigation/src/navigation_engine.c.o
 .text.check_off_route
                0x00000000080052f8      0x16c CMakeFiles/smart_glass_firmware.dir/src/navigation/src/navigation_engine.c.o
 .text.generate_instruction
                0x0000000008005464      0x238 CMakeFiles/smart_glass_firmware.dir/src/navigation/src/navigation_engine.c.o
 .text.update_waypoints
                0x000000000800569c      0x104 CMakeFiles/smart_glass_firmware.dir/src/navigation/src/navigation_engine.c.o
 .text.gps_callback
                0x00000000080057a0      0x1ac CMakeFiles/smart_glass_firmware.dir/src/navigation/src/navigation_engine.c.o
 .text.imu_callback
                0x000000000800594c      0x26c CMakeFiles/smart_glass_firmware.dir/src/navigation/src/navigation_engine.c.o
 .text.override_callback
                0x0000000008005bb8      0x238 CMakeFiles/smart_glass_firmware.dir/src/navigation/src/navigation_engine.c.o
 .text.nav_engine_init
                0x0000000008005df0      0x148 CMakeFiles/smart_glass_firmware.dir/src/navigation/src/navigation_engine.c.o
                0x0000000008005df0                nav_engine_init
 .text.now_ms   0x0000000008005f38        0xe CMakeFiles/smart_glass_firmware.dir/src/navigation/src/obstacle_avoidance.c.o
 *fill*         0x0000000008005f46        0x2 
 .text.compute_tti
                0x0000000008005f48       0x68 CMakeFiles/smart_glass_firmware.dir/src/navigation/src/obstacle_avoidance.c.o
 .text.path_clearance
                0x0000000008005fb0      0x110 CMakeFiles/smart_glass_firmware.dir/src/navigation/src/obstacle_avoidance.c.o
 .text.detect_collision_tti
                0x00000000080060c0      0x1d0 CMakeFiles/smart_glass_firmware.dir/src/navigation/src/obstacle_avoidance.c.o
 .text.compute_avoidance_vector
                0x0000000008006290       0xc4 CMakeFiles/smart_glass_firmware.dir/src/navigation/src/obstacle_avoidance.c.o
 .text.publish_avoidance
                0x0000000008006354       0x80 CMakeFiles/smart_glass_firmware.dir/src/navigation/src/obstacle_avoidance.c.o
 .text.process_avoidance
                0x00000000080063d4      0x2fc CMakeFiles/smart_glass_firmware.dir/src/navigation/src/obstacle_avoidance.c.o
 .text.path_callback
                0x00000000080066d0       0xa4 CMakeFiles/smart_glass_firmware.dir/src/navigation/src/obstacle_avoidance.c.o
 .text.tracked_callback
                0x0000000008006774       0xdc CMakeFiles/smart_glass_firmware.dir/src/navigation/src/obstacle_avoidance.c.o
 .text.obstacle_avoid_init
                0x0000000008006850      0x15c CMakeFiles/smart_glass_firmware.dir/src/navigation/src/obstacle_avoidance.c.o
                0x0000000008006850                obstacle_avoid_init
 .text.path_planner_init
                0x00000000080069ac       0xdc CMakeFiles/smart_glass_firmware.dir/src/navigation/src/path_planner.c.o
                0x00000000080069ac                path_planner_init
 .text.insert_sorted
                0x0000000008006a88      0x308 CMakeFiles/smart_glass_firmware.dir/src/voice/src/speech_synthesis.c.o
 .text.msg_callback
                0x0000000008006d90       0x90 CMakeFiles/smart_glass_firmware.dir/src/voice/src/speech_synthesis.c.o
 .text.speech_init
                0x0000000008006e20       0xb4 CMakeFiles/smart_glass_firmware.dir/src/voice/src/speech_synthesis.c.o
                0x0000000008006e20                speech_init
 .text.voice_init
                0x0000000008006ed4       0xcc CMakeFiles/smart_glass_firmware.dir/src/voice/src/voice_recognition.c.o
                0x0000000008006ed4                voice_init
 .text.Reset_Handler
                0x0000000008006fa0       0x50 CMakeFiles/smart_glass_firmware.dir/startup_stm32h743xx.s.o
                0x0000000008006fa0                Reset_Handler
 .text.Default_Handler
                0x0000000008006ff0       0x28 CMakeFiles/smart_glass_firmware.dir/startup_stm32h743xx.s.o
                0x0000000008006ff0                Default_Handler
                0x0000000008006ff2                NMI_Handler
                0x0000000008006ff6                HardFault_Handler
                0x0000000008006ffa                MemManage_Handler
                0x0000000008006ffe                BusFault_Handler
                0x0000000008007002                UsageFault_Handler
                0x0000000008007006                SVC_Handler
                0x000000000800700a                DebugMon_Handler
                0x000000000800700e                PendSV_Handler
                0x0000000008007012                SysTick_Handler
                0x0000000008007016                SystemInit
 .text.xQueueGenericReset
                0x0000000008007018      0x128 freertos_build/libfreertos_kernel.a(queue.c.o)
                0x0000000008007018                xQueueGenericReset
 .text.xQueueGenericCreate
                0x0000000008007140       0xa0 freertos_build/libfreertos_kernel.a(queue.c.o)
                0x0000000008007140                xQueueGenericCreate
 .text.prvInitialiseNewQueue
                0x00000000080071e0       0x3e freertos_build/libfreertos_kernel.a(queue.c.o)
 .text.prvInitialiseMutex
                0x000000000800721e       0x34 freertos_build/libfreertos_kernel.a(queue.c.o)
 .text.xQueueCreateMutex
                0x0000000008007252       0x30 freertos_build/libfreertos_kernel.a(queue.c.o)
                0x0000000008007252                xQueueCreateMutex
 *fill*         0x0000000008007282        0x2 
 .text.xQueueGenericSend
                0x0000000008007284      0x20c freertos_build/libfreertos_kernel.a(queue.c.o)
                0x0000000008007284                xQueueGenericSend
 .text.xQueueGenericSendFromISR
                0x0000000008007490      0x178 freertos_build/libfreertos_kernel.a(queue.c.o)
                0x0000000008007490                xQueueGenericSendFromISR
 .text.xQueueReceive
                0x0000000008007608      0x1cc freertos_build/libfreertos_kernel.a(queue.c.o)
                0x0000000008007608                xQueueReceive
 .text.xQueueSemaphoreTake
                0x00000000080077d4      0x208 freertos_build/libfreertos_kernel.a(queue.c.o)
                0x00000000080077d4                xQueueSemaphoreTake
 .text.vQueueDelete
                0x00000000080079dc       0x40 freertos_build/libfreertos_kernel.a(queue.c.o)
                0x00000000080079dc                vQueueDelete
 .text.prvGetDisinheritPriorityAfterTimeout
                0x0000000008007a1c       0x30 freertos_build/libfreertos_kernel.a(queue.c.o)
 .text.prvCopyDataToQueue
                0x0000000008007a4c       0xd4 freertos_build/libfreertos_kernel.a(queue.c.o)
 .text.prvCopyDataFromQueue
                0x0000000008007b20       0x4c freertos_build/libfreertos_kernel.a(queue.c.o)
 .text.prvUnlockQueue
                0x0000000008007b6c       0xa4 freertos_build/libfreertos_kernel.a(queue.c.o)
 .text.prvIsQueueEmpty
                0x0000000008007c10       0x2c freertos_build/libfreertos_kernel.a(queue.c.o)
 .text.prvIsQueueFull
                0x0000000008007c3c       0x30 freertos_build/libfreertos_kernel.a(queue.c.o)
 .text.vQueueAddToRegistry
                0x0000000008007c6c       0xa0 freertos_build/libfreertos_kernel.a(queue.c.o)
                0x0000000008007c6c                vQueueAddToRegistry
 .text.vQueueUnregisterQueue
                0x0000000008007d0c       0x74 freertos_build/libfreertos_kernel.a(queue.c.o)
                0x0000000008007d0c                vQueueUnregisterQueue
 .text.vQueueWaitForMessageRestricted
                0x0000000008007d80       0x68 freertos_build/libfreertos_kernel.a(queue.c.o)
                0x0000000008007d80                vQueueWaitForMessageRestricted
 .text.xTaskCreate
                0x0000000008007de8       0x8c freertos_build/libfreertos_kernel.a(tasks.c.o)
                0x0000000008007de8                xTaskCreate
 .text.prvInitialiseNewTask
                0x0000000008007e74      0x124 freertos_build/libfreertos_kernel.a(tasks.c.o)
 .text.prvAddNewTaskToReadyList
                0x0000000008007f98      0x124 freertos_build/libfreertos_kernel.a(tasks.c.o)
 .text.xTaskDelayUntil
                0x00000000080080bc      0x108 freertos_build/libfreertos_kernel.a(tasks.c.o)
                0x00000000080080bc                xTaskDelayUntil
 .text.vTaskDelay
                0x00000000080081c4       0x6c freertos_build/libfreertos_kernel.a(tasks.c.o)
                0x00000000080081c4                vTaskDelay
 .text.vTaskStartScheduler
                0x0000000008008230       0xac freertos_build/libfreertos_kernel.a(tasks.c.o)
                0x0000000008008230                vTaskStartScheduler
 .text.vTaskSuspendAll
                0x00000000080082dc       0x1c freertos_build/libfreertos_kernel.a(tasks.c.o)
                0x00000000080082dc                vTaskSuspendAll
 .text.xTaskResumeAll
                0x00000000080082f8      0x1fc freertos_build/libfreertos_kernel.a(tasks.c.o)
                0x00000000080082f8                xTaskResumeAll
 .text.xTaskGetTickCount
                0x00000000080084f4       0x20 freertos_build/libfreertos_kernel.a(tasks.c.o)
                0x00000000080084f4                xTaskGetTickCount
 .text.uxTaskGetNumberOfTasks
                0x0000000008008514       0x18 freertos_build/libfreertos_kernel.a(tasks.c.o)
                0x0000000008008514                uxTaskGetNumberOfTasks
 .text.xTaskIncrementTick
                0x000000000800852c      0x240 freertos_build/libfreertos_kernel.a(tasks.c.o)
                0x000000000800852c                xTaskIncrementTick
 .text.vTaskSwitchContext
                0x000000000800876c      0x104 freertos_build/libfreertos_kernel.a(tasks.c.o)
                0x000000000800876c                vTaskSwitchContext
 .text.vTaskPlaceOnEventList
                0x0000000008008870       0x4c freertos_build/libfreertos_kernel.a(tasks.c.o)
                0x0000000008008870                vTaskPlaceOnEventList
 .text.vTaskPlaceOnEventListRestricted
                0x00000000080088bc       0x90 freertos_build/libfreertos_kernel.a(tasks.c.o)
                0x00000000080088bc                vTaskPlaceOnEventListRestricted
 .text.xTaskRemoveFromEventList
                0x000000000800894c      0x1b0 freertos_build/libfreertos_kernel.a(tasks.c.o)
                0x000000000800894c                xTaskRemoveFromEventList
 .text.vTaskInternalSetTimeOutState
                0x0000000008008afc       0x2c freertos_build/libfreertos_kernel.a(tasks.c.o)
                0x0000000008008afc                vTaskInternalSetTimeOutState
 .text.xTaskCheckForTimeOut
                0x0000000008008b28       0xd4 freertos_build/libfreertos_kernel.a(tasks.c.o)
                0x0000000008008b28                xTaskCheckForTimeOut
 .text.vTaskMissedYield
                0x0000000008008bfc       0x18 freertos_build/libfreertos_kernel.a(tasks.c.o)
                0x0000000008008bfc                vTaskMissedYield
 .text.prvIdleTask
                0x0000000008008c14       0x34 freertos_build/libfreertos_kernel.a(tasks.c.o)
 .text.prvInitialiseTaskLists
                0x0000000008008c48       0x80 freertos_build/libfreertos_kernel.a(tasks.c.o)
 .text.prvCheckTasksWaitingTermination
                0x0000000008008cc8       0x5c freertos_build/libfreertos_kernel.a(tasks.c.o)
 .text.prvDeleteTCB
                0x0000000008008d24       0x20 freertos_build/libfreertos_kernel.a(tasks.c.o)
 .text.prvResetNextTaskUnblockTime
                0x0000000008008d44       0x38 freertos_build/libfreertos_kernel.a(tasks.c.o)
 .text.xTaskGetSchedulerState
                0x0000000008008d7c       0x3c freertos_build/libfreertos_kernel.a(tasks.c.o)
                0x0000000008008d7c                xTaskGetSchedulerState
 .text.xTaskPriorityInherit
                0x0000000008008db8      0x13c freertos_build/libfreertos_kernel.a(tasks.c.o)
                0x0000000008008db8                xTaskPriorityInherit
 .text.xTaskPriorityDisinherit
                0x0000000008008ef4      0x150 freertos_build/libfreertos_kernel.a(tasks.c.o)
                0x0000000008008ef4                xTaskPriorityDisinherit
 .text.vTaskPriorityDisinheritAfterTimeout
                0x0000000008009044      0x178 freertos_build/libfreertos_kernel.a(tasks.c.o)
                0x0000000008009044                vTaskPriorityDisinheritAfterTimeout
 .text.pvTaskIncrementMutexHeldCount
                0x00000000080091bc       0x28 freertos_build/libfreertos_kernel.a(tasks.c.o)
                0x00000000080091bc                pvTaskIncrementMutexHeldCount
 .text.prvAddCurrentTaskToDelayedList
                0x00000000080091e4      0x100 freertos_build/libfreertos_kernel.a(tasks.c.o)
 .text.xTimerCreateTimerTask
                0x00000000080092e4       0x68 freertos_build/libfreertos_kernel.a(timers.c.o)
                0x00000000080092e4                xTimerCreateTimerTask
 .text.xTimerCreate
                0x000000000800934c       0x42 freertos_build/libfreertos_kernel.a(timers.c.o)
                0x000000000800934c                xTimerCreate
 .text.prvInitialiseNewTimer
                0x000000000800938e       0x74 freertos_build/libfreertos_kernel.a(timers.c.o)
 *fill*         0x0000000008009402        0x2 
 .text.xTimerGenericCommand
                0x0000000008009404       0xa0 freertos_build/libfreertos_kernel.a(timers.c.o)
                0x0000000008009404                xTimerGenericCommand
 .text.prvReloadTimer
                0x00000000080094a4       0x42 freertos_build/libfreertos_kernel.a(timers.c.o)
 *fill*         0x00000000080094e6        0x2 
 .text.prvProcessExpiredTimer
                0x00000000080094e8       0x60 freertos_build/libfreertos_kernel.a(timers.c.o)
 .text.prvTimerTask
                0x0000000008009548       0x24 freertos_build/libfreertos_kernel.a(timers.c.o)
 .text.prvProcessTimerOrBlockTask
                0x000000000800956c       0x9c freertos_build/libfreertos_kernel.a(timers.c.o)
 .text.prvGetNextExpireTime
                0x0000000008009608       0x48 freertos_build/libfreertos_kernel.a(timers.c.o)
 .text.prvSampleTimeNow
                0x0000000008009650       0x40 freertos_build/libfreertos_kernel.a(timers.c.o)
 .text.prvInsertTimerInActiveList
                0x0000000008009690       0x84 freertos_build/libfreertos_kernel.a(timers.c.o)
 .text.prvProcessReceivedCommands
                0x0000000008009714      0x180 freertos_build/libfreertos_kernel.a(timers.c.o)
 .text.prvSwitchTimerLists
                0x0000000008009894       0x4c freertos_build/libfreertos_kernel.a(timers.c.o)
 .text.prvCheckForValidListAndQueue
                0x00000000080098e0       0x6c freertos_build/libfreertos_kernel.a(timers.c.o)
 .text.pvPortMalloc
                0x000000000800994c      0x154 freertos_build/libfreertos_kernel.a(heap_5.c.o)
                0x000000000800994c                pvPortMalloc
 .text.vPortFree
                0x0000000008009aa0       0xc0 freertos_build/libfreertos_kernel.a(heap_5.c.o)
                0x0000000008009aa0                vPortFree
 .text.xPortGetFreeHeapSize
                0x0000000008009b60       0x18 freertos_build/libfreertos_kernel.a(heap_5.c.o)
                0x0000000008009b60                xPortGetFreeHeapSize
 .text.xPortGetMinimumEverFreeHeapSize
                0x0000000008009b78       0x18 freertos_build/libfreertos_kernel.a(heap_5.c.o)
                0x0000000008009b78                xPortGetMinimumEverFreeHeapSize
 .text.prvInsertBlockIntoFreeList
                0x0000000008009b90       0xb4 freertos_build/libfreertos_kernel.a(heap_5.c.o)
 .text.vPortDefineHeapRegions
                0x0000000008009c44      0x198 freertos_build/libfreertos_kernel.a(heap_5.c.o)
                0x0000000008009c44                vPortDefineHeapRegions
 .text.vListInitialise
                0x0000000008009ddc       0x40 freertos_build/libfreertos_kernel.a(list.c.o)
                0x0000000008009ddc                vListInitialise
 .text.vListInitialiseItem
                0x0000000008009e1c       0x1a freertos_build/libfreertos_kernel.a(list.c.o)
                0x0000000008009e1c                vListInitialiseItem
 .text.vListInsert
                0x0000000008009e36       0x72 freertos_build/libfreertos_kernel.a(list.c.o)
                0x0000000008009e36                vListInsert
 .text.uxListRemove
                0x0000000008009ea8       0x54 freertos_build/libfreertos_kernel.a(list.c.o)
                0x0000000008009ea8                uxListRemove
 *fill*         0x0000000008009efc        0x4 
 .text.cosf     0x0000000008009f00      0x1bc /opt/gcc-arm-none-eabi-10-2020-q4-major/bin/../lib/gcc/arm-none-eabi/10.2.1/../../../../arm-none-eabi/lib/thumb/v7e-m+dp/hard/libm.a(lib_a-cosf.o)
                0x0000000008009f00                cosf
 .text.with_errnof
                0x000000000800a0bc       0x18 /opt/gcc-arm-none-eabi-10-2020-q4-major/bin/../lib/gcc/arm-none-eabi/10.2.1/../../../../arm-none-eabi/lib/thumb/v7e-m+dp/hard/libm.a(lib_a-math_errf.o)
 .text.__math_invalidf
                0x000000000800a0d4       0x20 /opt/gcc-arm-none-eabi-10-2020-q4-major/bin/../lib/gcc/arm-none-eabi/10.2.1/../../../../arm-none-eabi/lib/thumb/v7e-m+dp/hard/libm.a(lib_a-math_errf.o)
                0x000000000800a0d4                __math_invalidf
 *fill*         0x000000000800a0f4        0x4 
 .text.sinf     0x000000000800a0f8      0x20c /opt/gcc-arm-none-eabi-10-2020-q4-major/bin/../lib/gcc/arm-none-eabi/10.2.1/../../../../arm-none-eabi/lib/thumb/v7e-m+dp/hard/libm.a(lib_a-sinf.o)
                0x000000000800a0f8                sinf
 .text.atan2f   0x000000000800a304        0x4 /opt/gcc-arm-none-eabi-10-2020-q4-major/bin/../lib/gcc/arm-none-eabi/10.2.1/../../../../arm-none-eabi/lib/thumb/v7e-m+dp/hard/libm.a(lib_a-wf_atan2.o)
                0x000000000800a304                atan2f
 .text.fmodf    0x000000000800a308       0x54 /opt/gcc-arm-none-eabi-10-2020-q4-major/bin/../lib/gcc/arm-none-eabi/10.2.1/../../../../arm-none-eabi/lib/thumb/v7e-m+dp/hard/libm.a(lib_a-wf_fmod.o)
                0x000000000800a308                fmodf
 .text.sqrtf    0x000000000800a35c       0x50 /opt/gcc-arm-none-eabi-10-2020-q4-major/bin/../lib/gcc/arm-none-eabi/10.2.1/../../../../arm-none-eabi/lib/thumb/v7e-m+dp/hard/libm.a(lib_a-wf_sqrt.o)
                0x000000000800a35c                sqrtf
 .text.__ieee754_atan2f
                0x000000000800a3ac      0x14c /opt/gcc-arm-none-eabi-10-2020-q4-major/bin/../lib/gcc/arm-none-eabi/10.2.1/../../../../arm-none-eabi/lib/thumb/v7e-m+dp/hard/libm.a(lib_a-ef_atan2.o)
                0x000000000800a3ac                __ieee754_atan2f
 .text.__ieee754_fmodf
                0x000000000800a4f8      0x120 /opt/gcc-arm-none-eabi-10-2020-q4-major/bin/../lib/gcc/arm-none-eabi/10.2.1/../../../../arm-none-eabi/lib/thumb/v7e-m+dp/hard/libm.a(lib_a-ef_fmod.o)
                0x000000000800a4f8                __ieee754_fmodf
 .text.__ieee754_sqrtf
                0x000000000800a618        0x8 /opt/gcc-arm-none-eabi-10-2020-q4-major/bin/../lib/gcc/arm-none-eabi/10.2.1/../../../../arm-none-eabi/lib/thumb/v7e-m+dp/hard/libm.a(lib_a-ef_sqrt.o)
                0x000000000800a618                __ieee754_sqrtf
 .text.atanf    0x000000000800a620      0x1b0 /opt/gcc-arm-none-eabi-10-2020-q4-major/bin/../lib/gcc/arm-none-eabi/10.2.1/../../../../arm-none-eabi/lib/thumb/v7e-m+dp/hard/libm.a(lib_a-sf_atan.o)
                0x000000000800a620                atanf
 .text.fabsf    0x000000000800a7d0       0x10 /opt/gcc-arm-none-eabi-10-2020-q4-major/bin/../lib/gcc/arm-none-eabi/10.2.1/../../../../arm-none-eabi/lib/thumb/v7e-m+dp/hard/libm.a(lib_a-sf_fabs.o)
                0x000000000800a7d0                fabsf
 .text.pxPortInitialiseStack
                0x000000000800a7e0       0x68 freertos_build/portable/libfreertos_kernel_port.a(port.c.o)
                0x000000000800a7e0                pxPortInitialiseStack
 .text.prvTaskExitError
                0x000000000800a848       0x60 freertos_build/portable/libfreertos_kernel_port.a(port.c.o)
 .text.prvPortStartFirstTask
                0x000000000800a8a8       0x2c freertos_build/portable/libfreertos_kernel_port.a(port.c.o)
 .text.xPortStartScheduler
                0x000000000800a8d4       0xfc freertos_build/portable/libfreertos_kernel_port.a(port.c.o)
                0x000000000800a8d4                xPortStartScheduler
 .text.vPortEnterCritical
                0x000000000800a9d0       0x68 freertos_build/portable/libfreertos_kernel_port.a(port.c.o)
                0x000000000800a9d0                vPortEnterCritical
 .text.vPortExitCritical
                0x000000000800aa38       0x58 freertos_build/portable/libfreertos_kernel_port.a(port.c.o)
                0x000000000800aa38                vPortExitCritical
 .text.vPortSetupTimerInterrupt
                0x000000000800aa90       0x38 freertos_build/portable/libfreertos_kernel_port.a(port.c.o)
                0x000000000800aa90                vPortSetupTimerInterrupt
 .text.vPortEnableVFP
                0x000000000800aac8       0x18 freertos_build/portable/libfreertos_kernel_port.a(port.c.o)
 .text.vPortValidateInterruptPriority
                0x000000000800aae0       0x88 freertos_build/portable/libfreertos_kernel_port.a(port.c.o)
                0x000000000800aae0                vPortValidateInterruptPriority
 .text.atof     0x000000000800ab68        0x6 /opt/gcc-arm-none-eabi-10-2020-q4-major/bin/../lib/gcc/arm-none-eabi/10.2.1/../../../../arm-none-eabi/lib/thumb/v7e-m+dp/hard/libc_nano.a(lib_a-atof.o)
                0x000000000800ab68                atof
 .text.atoi     0x000000000800ab6e        0x8 /opt/gcc-arm-none-eabi-10-2020-q4-major/bin/../lib/gcc/arm-none-eabi/10.2.1/../../../../arm-none-eabi/lib/thumb/v7e-m+dp/hard/libc_nano.a(lib_a-atoi.o)
                0x000000000800ab6e                atoi
 *fill*         0x000000000800ab76        0x2 
 .text.__errno  0x000000000800ab78        0xc /opt/gcc-arm-none-eabi-10-2020-q4-major/bin/../lib/gcc/arm-none-eabi/10.2.1/../../../../arm-none-eabi/lib/thumb/v7e-m+dp/hard/libc_nano.a(lib_a-errno.o)
                0x000000000800ab78                __errno
 .text.memcpy   0x000000000800ab84       0x1c /opt/gcc-arm-none-eabi-10-2020-q4-major/bin/../lib/gcc/arm-none-eabi/10.2.1/../../../../arm-none-eabi/lib/thumb/v7e-m+dp/hard/libc_nano.a(lib_a-memcpy-stub.o)
                0x000000000800ab84                memcpy
 .text.memmove  0x000000000800aba0       0x34 /opt/gcc-arm-none-eabi-10-2020-q4-major/bin/../lib/gcc/arm-none-eabi/10.2.1/../../../../arm-none-eabi/lib/thumb/v7e-m+dp/hard/libc_nano.a(lib_a-memmove.o)
                0x000000000800aba0                memmove
 .text.memset   0x000000000800abd4       0x10 /opt/gcc-arm-none-eabi-10-2020-q4-major/bin/../lib/gcc/arm-none-eabi/10.2.1/../../../../arm-none-eabi/lib/thumb/v7e-m+dp/hard/libc_nano.a(lib_a-memset.o)
                0x000000000800abd4                memset
 .text.__cvt    0x000000000800abe4       0xa4 /opt/gcc-arm-none-eabi-10-2020-q4-major/bin/../lib/gcc/arm-none-eabi/10.2.1/../../../../arm-none-eabi/lib/thumb/v7e-m+dp/hard/libc_nano.a(lib_a-nano-vfprintf_float.o)
                0x000000000800abe4                __cvt
 .text.__exponent
                0x000000000800ac88       0x7c /opt/gcc-arm-none-eabi-10-2020-q4-major/bin/../lib/gcc/arm-none-eabi/10.2.1/../../../../arm-none-eabi/lib/thumb/v7e-m+dp/hard/libc_nano.a(lib_a-nano-vfprintf_float.o)
                0x000000000800ac88                __exponent
 *fill*         0x000000000800ad04        0x4 
 .text._printf_float
                0x000000000800ad08      0x43c /opt/gcc-arm-none-eabi-10-2020-q4-major/bin/../lib/gcc/arm-none-eabi/10.2.1/../../../../arm-none-eabi/lib/thumb/v7e-m+dp/hard/libc_nano.a(lib_a-nano-vfprintf_float.o)
                0x000000000800ad08                _printf_float
 .text._printf_common
                0x000000000800b144       0xda /opt/gcc-arm-none-eabi-10-2020-q4-major/bin/../lib/gcc/arm-none-eabi/10.2.1/../../../../arm-none-eabi/lib/thumb/v7e-m+dp/hard/libc_nano.a(lib_a-nano-vfprintf_i.o)
                0x000000000800b144                _printf_common
 *fill*         0x000000000800b21e        0x2 
 .text._printf_i
                0x000000000800b220      0x24c /opt/gcc-arm-none-eabi-10-2020-q4-major/bin/../lib/gcc/arm-none-eabi/10.2.1/../../../../arm-none-eabi/lib/thumb/v7e-m+dp/hard/libc_nano.a(lib_a-nano-vfprintf_i.o)
                0x000000000800b220                _printf_i
 .text.snprintf
                0x000000000800b46c       0x68 /opt/gcc-arm-none-eabi-10-2020-q4-major/bin/../lib/gcc/arm-none-eabi/10.2.1/../../../../arm-none-eabi/lib/thumb/v7e-m+dp/hard/libc_nano.a(lib_a-snprintf.o)
                0x000000000800b46c                snprintf
                0x000000000800b46c                sniprintf
 .text.strchr   0x000000000800b4d4       0x1a /opt/gcc-arm-none-eabi-10-2020-q4-major/bin/../lib/gcc/arm-none-eabi/10.2.1/../../../../arm-none-eabi/lib/thumb/v7e-m+dp/hard/libc_nano.a(lib_a-strchr.o)
                0x000000000800b4d4                strchr
 .text.strncmp  0x000000000800b4ee       0x28 /opt/gcc-arm-none-eabi-10-2020-q4-major/bin/../lib/gcc/arm-none-eabi/10.2.1/../../../../arm-none-eabi/lib/thumb/v7e-m+dp/hard/libc_nano.a(lib_a-strncmp.o)
                0x000000000800b4ee                strncmp
 .text.strncpy  0x000000000800b516       0x26 /opt/gcc-arm-none-eabi-10-2020-q4-major/bin/../lib/gcc/arm-none-eabi/10.2.1/../../../../arm-none-eabi/lib/thumb/v7e-m+dp/hard/libc_nano.a(lib_a-strncpy.o)
                0x000000000800b516                strncpy
 .text.strstr   0x000000000800b53c       0x2c /opt/gcc-arm-none-eabi-10-2020-q4-major/bin/../lib/gcc/arm-none-eabi/10.2.1/../../../../arm-none-eabi/lib/thumb/v7e-m+dp/hard/libc_nano.a(lib_a-strstr.o)
                0x000000000800b53c                strstr
 .text.sulp     0x000000000800b568       0x34 /opt/gcc-arm-none-eabi-10-2020-q4-major/bin/../lib/gcc/arm-none-eabi/10.2.1/../../../../arm-none-eabi/lib/thumb/v7e-m+dp/hard/libc_nano.a(lib_a-strtod.o)
 *fill*         0x000000000800b59c        0x4 
 .text._strtod_l
                0x000000000800b5a0      0xb6c /opt/gcc-arm-none-eabi-10-2020-q4-major/bin/../lib/gcc/arm-none-eabi/10.2.1/../../../../arm-none-eabi/lib/thumb/v7e-m+dp/hard/libc_nano.a(lib_a-strtod.o)
                0x000000000800b5a0                _strtod_l
 .text.strtod   0x000000000800c10c       0x18 /opt/gcc-arm-none-eabi-10-2020-q4-major/bin/../lib/gcc/arm-none-eabi/10.2.1/../../../../arm-none-eabi/lib/thumb/v7e-m+dp/hard/libc_nano.a(lib_a-strtod.o)
                0x000000000800c10c                strtod
 .text._strtol_l.constprop.0
                0x000000000800c124      0x104 /opt/gcc-arm-none-eabi-10-2020-q4-major/bin/../lib/gcc/arm-none-eabi/10.2.1/../../../../arm-none-eabi/lib/thumb/v7e-m+dp/hard/libc_nano.a(lib_a-strtol.o)
 .text.strtol   0x000000000800c228       0x14 /opt/gcc-arm-none-eabi-10-2020-q4-major/bin/../lib/gcc/arm-none-eabi/10.2.1/../../../../arm-none-eabi/lib/thumb/v7e-m+dp/hard/libc_nano.a(lib_a-strtol.o)
                0x000000000800c228                strtol
 .text._vsnprintf_r
                0x000000000800c23c       0x56 /opt/gcc-arm-none-eabi-10-2020-q4-major/bin/../lib/gcc/arm-none-eabi/10.2.1/../../../../arm-none-eabi/lib/thumb/v7e-m+dp/hard/libc_nano.a(lib_a-vsnprintf.o)
                0x000000000800c23c                _vsnprintf_r
                0x000000000800c23c                _vsniprintf_r
 *fill*         0x000000000800c292        0x2 
 .text.vsnprintf
                0x000000000800c294       0x1c /opt/gcc-arm-none-eabi-10-2020-q4-major/bin/../lib/gcc/arm-none-eabi/10.2.1/../../../../arm-none-eabi/lib/thumb/v7e-m+dp/hard/libc_nano.a(lib_a-vsnprintf.o)
                0x000000000800c294                vsnprintf
                0x000000000800c294                vsniprintf
 .text.quorem   0x000000000800c2b0      0x116 /opt/gcc-arm-none-eabi-10-2020-q4-major/bin/../lib/gcc/arm-none-eabi/10.2.1/../../../../arm-none-eabi/lib/thumb/v7e-m+dp/hard/libc_nano.a(lib_a-dtoa.o)
 *fill*         0x000000000800c3c6        0x2 
 .text._dtoa_r  0x000000000800c3c8      0xae0 /opt/gcc-arm-none-eabi-10-2020-q4-major/bin/../lib/gcc/arm-none-eabi/10.2.1/../../../../arm-none-eabi/lib/thumb/v7e-m+dp/hard/libc_nano.a(lib_a-dtoa.o)
                0x000000000800c3c8                _dtoa_r
 .text.rshift   0x000000000800cea8       0xa4 /opt/gcc-arm-none-eabi-10-2020-q4-major/bin/../lib/gcc/arm-none-eabi/10.2.1/../../../../arm-none-eabi/lib/thumb/v7e-m+dp/hard/libc_nano.a(lib_a-gdtoa-gethex.o)
 .text.__hexdig_fun
                0x000000000800cf4c       0x2a /opt/gcc-arm-none-eabi-10-2020-q4-major/bin/../lib/gcc/arm-none-eabi/10.2.1/../../../../arm-none-eabi/lib/thumb/v7e-m+dp/hard/libc_nano.a(lib_a-gdtoa-gethex.o)
                0x000000000800cf4c                __hexdig_fun
 *fill*         0x000000000800cf76        0x2 
 .text.__gethex
                0x000000000800cf78      0x48c /opt/gcc-arm-none-eabi-10-2020-q4-major/bin/../lib/gcc/arm-none-eabi/10.2.1/../../../../arm-none-eabi/lib/thumb/v7e-m+dp/hard/libc_nano.a(lib_a-gdtoa-gethex.o)
                0x000000000800cf78                __gethex
 .text.L_shift  0x000000000800d404       0x24 /opt/gcc-arm-none-eabi-10-2020-q4-major/bin/../lib/gcc/arm-none-eabi/10.2.1/../../../../arm-none-eabi/lib/thumb/v7e-m+dp/hard/libc_nano.a(lib_a-gdtoa-hexnan.o)
 .text.__match  0x000000000800d428       0x28 /opt/gcc-arm-none-eabi-10-2020-q4-major/bin/../lib/gcc/arm-none-eabi/10.2.1/../../../../arm-none-eabi/lib/thumb/v7e-m+dp/hard/libc_nano.a(lib_a-gdtoa-hexnan.o)
                0x000000000800d428                __match
 .text.__hexnan
                0x000000000800d450      0x138 /opt/gcc-arm-none-eabi-10-2020-q4-major/bin/../lib/gcc/arm-none-eabi/10.2.1/../../../../arm-none-eabi/lib/thumb/v7e-m+dp/hard/libc_nano.a(lib_a-gdtoa-hexnan.o)
                0x000000000800d450                __hexnan
 .text._localeconv_r
                0x000000000800d588        0x8 /opt/gcc-arm-none-eabi-10-2020-q4-major/bin/../lib/gcc/arm-none-eabi/10.2.1/../../../../arm-none-eabi/lib/thumb/v7e-m+dp/hard/libc_nano.a(lib_a-localeconv.o)
                0x000000000800d588                _localeconv_r
 .text.malloc   0x000000000800d590       0x10 /opt/gcc-arm-none-eabi-10-2020-q4-major/bin/../lib/gcc/arm-none-eabi/10.2.1/../../../../arm-none-eabi/lib/thumb/v7e-m+dp/hard/libc_nano.a(lib_a-malloc.o)
                0x000000000800d590                malloc
 .text.__ascii_mbtowc
                0x000000000800d5a0       0x24 /opt/gcc-arm-none-eabi-10-2020-q4-major/bin/../lib/gcc/arm-none-eabi/10.2.1/../../../../arm-none-eabi/lib/thumb/v7e-m+dp/hard/libc_nano.a(lib_a-mbtowc_r.o)
                0x000000000800d5a0                __ascii_mbtowc
 .text._Balloc  0x000000000800d5c4       0x80 /opt/gcc-arm-none-eabi-10-2020-q4-major/bin/../lib/gcc/arm-none-eabi/10.2.1/../../../../arm-none-eabi/lib/thumb/v7e-m+dp/hard/libc_nano.a(lib_a-mprec.o)
                0x000000000800d5c4                _Balloc
 .text._Bfree   0x000000000800d644       0x44 /opt/gcc-arm-none-eabi-10-2020-q4-major/bin/../lib/gcc/arm-none-eabi/10.2.1/../../../../arm-none-eabi/lib/thumb/v7e-m+dp/hard/libc_nano.a(lib_a-mprec.o)
                0x000000000800d644                _Bfree
 .text.__multadd
                0x000000000800d688       0x8c /opt/gcc-arm-none-eabi-10-2020-q4-major/bin/../lib/gcc/arm-none-eabi/10.2.1/../../../../arm-none-eabi/lib/thumb/v7e-m+dp/hard/libc_nano.a(lib_a-mprec.o)
                0x000000000800d688                __multadd
 .text.__s2b    0x000000000800d714       0x94 /opt/gcc-arm-none-eabi-10-2020-q4-major/bin/../lib/gcc/arm-none-eabi/10.2.1/../../../../arm-none-eabi/lib/thumb/v7e-m+dp/hard/libc_nano.a(lib_a-mprec.o)
                0x000000000800d714                __s2b
 .text.__hi0bits
                0x000000000800d7a8       0x40 /opt/gcc-arm-none-eabi-10-2020-q4-major/bin/../lib/gcc/arm-none-eabi/10.2.1/../../../../arm-none-eabi/lib/thumb/v7e-m+dp/hard/libc_nano.a(lib_a-mprec.o)
                0x000000000800d7a8                __hi0bits
 .text.__lo0bits
                0x000000000800d7e8       0x5e /opt/gcc-arm-none-eabi-10-2020-q4-major/bin/../lib/gcc/arm-none-eabi/10.2.1/../../../../arm-none-eabi/lib/thumb/v7e-m+dp/hard/libc_nano.a(lib_a-mprec.o)
                0x000000000800d7e8                __lo0bits
 *fill*         0x000000000800d846        0x2 
 .text.__i2b    0x000000000800d848       0x2c /opt/gcc-arm-none-eabi-10-2020-q4-major/bin/../lib/gcc/arm-none-eabi/10.2.1/../../../../arm-none-eabi/lib/thumb/v7e-m+dp/hard/libc_nano.a(lib_a-mprec.o)
                0x000000000800d848                __i2b
 .text.__multiply
                0x000000000800d874      0x154 /opt/gcc-arm-none-eabi-10-2020-q4-major/bin/../lib/gcc/arm-none-eabi/10.2.1/../../../../arm-none-eabi/lib/thumb/v7e-m+dp/hard/libc_nano.a(lib_a-mprec.o)
                0x000000000800d874                __multiply
 .text.__pow5mult
                0x000000000800d9c8       0xb4 /opt/gcc-arm-none-eabi-10-2020-q4-major/bin/../lib/gcc/arm-none-eabi/10.2.1/../../../../arm-none-eabi/lib/thumb/v7e-m+dp/hard/libc_nano.a(lib_a-mprec.o)
                0x000000000800d9c8                __pow5mult
 .text.__lshift
                0x000000000800da7c       0xe0 /opt/gcc-arm-none-eabi-10-2020-q4-major/bin/../lib/gcc/arm-none-eabi/10.2.1/../../../../arm-none-eabi/lib/thumb/v7e-m+dp/hard/libc_nano.a(lib_a-mprec.o)
                0x000000000800da7c                __lshift
 .text.__mcmp   0x000000000800db5c       0x38 /opt/gcc-arm-none-eabi-10-2020-q4-major/bin/../lib/gcc/arm-none-eabi/10.2.1/../../../../arm-none-eabi/lib/thumb/v7e-m+dp/hard/libc_nano.a(lib_a-mprec.o)
                0x000000000800db5c                __mcmp
 .text.__mdiff  0x000000000800db94      0x114 /opt/gcc-arm-none-eabi-10-2020-q4-major/bin/../lib/gcc/arm-none-eabi/10.2.1/../../../../arm-none-eabi/lib/thumb/v7e-m+dp/hard/libc_nano.a(lib_a-mprec.o)
                0x000000000800db94                __mdiff
 .text.__ulp    0x000000000800dca8       0x58 /opt/gcc-arm-none-eabi-10-2020-q4-major/bin/../lib/gcc/arm-none-eabi/10.2.1/../../../../arm-none-eabi/lib/thumb/v7e-m+dp/hard/libc_nano.a(lib_a-mprec.o)
                0x000000000800dca8                __ulp
 .text.__b2d    0x000000000800dd00       0xa0 /opt/gcc-arm-none-eabi-10-2020-q4-major/bin/../lib/gcc/arm-none-eabi/10.2.1/../../../../arm-none-eabi/lib/thumb/v7e-m+dp/hard/libc_nano.a(lib_a-mprec.o)
                0x000000000800dd00                __b2d
 .text.__d2b    0x000000000800dda0       0xb8 /opt/gcc-arm-none-eabi-10-2020-q4-major/bin/../lib/gcc/arm-none-eabi/10.2.1/../../../../arm-none-eabi/lib/thumb/v7e-m+dp/hard/libc_nano.a(lib_a-mprec.o)
                0x000000000800dda0                __d2b
 .text.__ratio  0x000000000800de58       0x60 /opt/gcc-arm-none-eabi-10-2020-q4-major/bin/../lib/gcc/arm-none-eabi/10.2.1/../../../../arm-none-eabi/lib/thumb/v7e-m+dp/hard/libc_nano.a(lib_a-mprec.o)
                0x000000000800de58                __ratio
 .text.__copybits
                0x000000000800deb8       0x46 /opt/gcc-arm-none-eabi-10-2020-q4-major/bin/../lib/gcc/arm-none-eabi/10.2.1/../../../../arm-none-eabi/lib/thumb/v7e-m+dp/hard/libc_nano.a(lib_a-mprec.o)
                0x000000000800deb8                __copybits
 .text.__any_on
                0x000000000800defe       0x42 /opt/gcc-arm-none-eabi-10-2020-q4-major/bin/../lib/gcc/arm-none-eabi/10.2.1/../../../../arm-none-eabi/lib/thumb/v7e-m+dp/hard/libc_nano.a(lib_a-mprec.o)
                0x000000000800defe                __any_on
 .text._calloc_r
                0x000000000800df40       0x1e /opt/gcc-arm-none-eabi-10-2020-q4-major/bin/../lib/gcc/arm-none-eabi/10.2.1/../../../../arm-none-eabi/lib/thumb/v7e-m+dp/hard/libc_nano.a(lib_a-nano-callocr.o)
                0x000000000800df40                _calloc_r
 *fill*         0x000000000800df5e        0x2 
 .text._free_r  0x000000000800df60       0x98 /opt/gcc-arm-none-eabi-10-2020-q4-major/bin/../lib/gcc/arm-none-eabi/10.2.1/../../../../arm-none-eabi/lib/thumb/v7e-m+dp/hard/libc_nano.a(lib_a-nano-freer.o)
                0x000000000800df60                _free_r
 .text._malloc_r
                0x000000000800dff8       0xb4 /opt/gcc-arm-none-eabi-10-2020-q4-major/bin/../lib/gcc/arm-none-eabi/10.2.1/../../../../arm-none-eabi/lib/thumb/v7e-m+dp/hard/libc_nano.a(lib_a-nano-mallocr.o)
                0x000000000800dff8                _malloc_r
 .text.__ssputs_r
                0x000000000800e0ac       0xb6 /opt/gcc-arm-none-eabi-10-2020-q4-major/bin/../lib/gcc/arm-none-eabi/10.2.1/../../../../arm-none-eabi/lib/thumb/v7e-m+dp/hard/libc_nano.a(lib_a-nano-svfprintf.o)
                0x000000000800e0ac                __ssputs_r
 *fill*         0x000000000800e162        0x2 
 .text._svfprintf_r
                0x000000000800e164      0x200 /opt/gcc-arm-none-eabi-10-2020-q4-major/bin/../lib/gcc/arm-none-eabi/10.2.1/../../../../arm-none-eabi/lib/thumb/v7e-m+dp/hard/libc_nano.a(lib_a-nano-svfprintf.o)
                0x000000000800e164                _svfprintf_r
                0x000000000800e164                _svfiprintf_r
 *fill*         0x000000000800e364        0x4 
 .text.nan      0x000000000800e368       0x10 /opt/gcc-arm-none-eabi-10-2020-q4-major/bin/../lib/gcc/arm-none-eabi/10.2.1/../../../../arm-none-eabi/lib/thumb/v7e-m+dp/hard/libc_nano.a(lib_a-s_nan.o)
                0x000000000800e368                nan
 .text._sbrk_r  0x000000000800e378       0x20 /opt/gcc-arm-none-eabi-10-2020-q4-major/bin/../lib/gcc/arm-none-eabi/10.2.1/../../../../arm-none-eabi/lib/thumb/v7e-m+dp/hard/libc_nano.a(lib_a-sbrkr.o)
                0x000000000800e378                _sbrk_r
 .text.__ascii_wctomb
                0x000000000800e398       0x1a /opt/gcc-arm-none-eabi-10-2020-q4-major/bin/../lib/gcc/arm-none-eabi/10.2.1/../../../../arm-none-eabi/lib/thumb/v7e-m+dp/hard/libc_nano.a(lib_a-wctomb_r.o)
                0x000000000800e398                __ascii_wctomb
 *fill*         0x000000000800e3b2        0x2 
 .text.__assert_func
                0x000000000800e3b4       0x3c /opt/gcc-arm-none-eabi-10-2020-q4-major/bin/../lib/gcc/arm-none-eabi/10.2.1/../../../../arm-none-eabi/lib/thumb/v7e-m+dp/hard/libc_nano.a(lib_a-assert.o)
                0x000000000800e3b4                __assert_func
 .text.fprintf  0x000000000800e3f0       0x24 /opt/gcc-arm-none-eabi-10-2020-q4-major/bin/../lib/gcc/arm-none-eabi/10.2.1/../../../../arm-none-eabi/lib/thumb/v7e-m+dp/hard/libc_nano.a(lib_a-fprintf.o)
                0x000000000800e3f0                fprintf
                0x000000000800e3f0                fiprintf
 .text.__malloc_lock
                0x000000000800e414        0xc /opt/gcc-arm-none-eabi-10-2020-q4-major/bin/../lib/gcc/arm-none-eabi/10.2.1/../../../../arm-none-eabi/lib/thumb/v7e-m+dp/hard/libc_nano.a(lib_a-mlock.o)
                0x000000000800e414                __malloc_lock
 .text.__malloc_unlock
                0x000000000800e420        0xc /opt/gcc-arm-none-eabi-10-2020-q4-major/bin/../lib/gcc/arm-none-eabi/10.2.1/../../../../arm-none-eabi/lib/thumb/v7e-m+dp/hard/libc_nano.a(lib_a-mlock.o)
                0x000000000800e420                __malloc_unlock
 .text._realloc_r
                0x000000000800e42c       0x4c /opt/gcc-arm-none-eabi-10-2020-q4-major/bin/../lib/gcc/arm-none-eabi/10.2.1/../../../../arm-none-eabi/lib/thumb/v7e-m+dp/hard/libc_nano.a(lib_a-nano-reallocr.o)
                0x000000000800e42c                _realloc_r
 .text.__sfputc_r
                0x000000000800e478       0x2e /opt/gcc-arm-none-eabi-10-2020-q4-major/bin/../lib/gcc/arm-none-eabi/10.2.1/../../../../arm-none-eabi/lib/thumb/v7e-m+dp/hard/libc_nano.a(lib_a-nano-vfprintf.o)
 .text.__sfputs_r
                0x000000000800e4a6       0x24 /opt/gcc-arm-none-eabi-10-2020-q4-major/bin/../lib/gcc/arm-none-eabi/10.2.1/../../../../arm-none-eabi/lib/thumb/v7e-m+dp/hard/libc_nano.a(lib_a-nano-vfprintf.o)
                0x000000000800e4a6                __sfputs_r
 *fill*         0x000000000800e4ca        0x2 
 .text._vfprintf_r
                0x000000000800e4cc      0x260 /opt/gcc-arm-none-eabi-10-2020-q4-major/bin/../lib/gcc/arm-none-eabi/10.2.1/../../../../arm-none-eabi/lib/thumb/v7e-m+dp/hard/libc_nano.a(lib_a-nano-vfprintf.o)
                0x000000000800e4cc                _vfiprintf_r
                0x000000000800e4cc                _vfprintf_r
 .text.__swbuf_r
                0x000000000800e72c       0xa4 /opt/gcc-arm-none-eabi-10-2020-q4-major/bin/../lib/gcc/arm-none-eabi/10.2.1/../../../../arm-none-eabi/lib/thumb/v7e-m+dp/hard/libc_nano.a(lib_a-wbuf.o)
                0x000000000800e72c                __swbuf_r
 .text.__swsetup_r
                0x000000000800e7d0       0xdc /opt/gcc-arm-none-eabi-10-2020-q4-major/bin/../lib/gcc/arm-none-eabi/10.2.1/../../../../arm-none-eabi/lib/thumb/v7e-m+dp/hard/libc_nano.a(lib_a-wsetup.o)
                0x000000000800e7d0                __swsetup_r
 .text.abort    0x000000000800e8ac        0xe /opt/gcc-arm-none-eabi-10-2020-q4-major/bin/../lib/gcc/arm-none-eabi/10.2.1/../../../../arm-none-eabi/lib/thumb/v7e-m+dp/hard/libc_nano.a(lib_a-abort.o)
                0x000000000800e8ac                abort
 *fill*         0x000000000800e8ba        0x2 
 .text.__sflush_r
                0x000000000800e8bc      0x10c /opt/gcc-arm-none-eabi-10-2020-q4-major/bin/../lib/gcc/arm-none-eabi/10.2.1/../../../../arm-none-eabi/lib/thumb/v7e-m+dp/hard/libc_nano.a(lib_a-fflush.o)
                0x000000000800e8bc                __sflush_r
 .text._fflush_r
                0x000000000800e9c8       0x78 /opt/gcc-arm-none-eabi-10-2020-q4-major/bin/../lib/gcc/arm-none-eabi/10.2.1/../../../../arm-none-eabi/lib/thumb/v7e-m+dp/hard/libc_nano.a(lib_a-fflush.o)
                0x000000000800e9c8                _fflush_r
 .text.std      0x000000000800ea40       0x48 /opt/gcc-arm-none-eabi-10-2020-q4-major/bin/../lib/gcc/arm-none-eabi/10.2.1/../../../../arm-none-eabi/lib/thumb/v7e-m+dp/hard/libc_nano.a(lib_a-findfp.o)
 .text._cleanup_r
                0x000000000800ea88        0xc /opt/gcc-arm-none-eabi-10-2020-q4-major/bin/../lib/gcc/arm-none-eabi/10.2.1/../../../../arm-none-eabi/lib/thumb/v7e-m+dp/hard/libc_nano.a(lib_a-findfp.o)
                0x000000000800ea88                _cleanup_r
 .text.__sfmoreglue
                0x000000000800ea94       0x2c /opt/gcc-arm-none-eabi-10-2020-q4-major/bin/../lib/gcc/arm-none-eabi/10.2.1/../../../../arm-none-eabi/lib/thumb/v7e-m+dp/hard/libc_nano.a(lib_a-findfp.o)
                0x000000000800ea94                __sfmoreglue
 .text.__sfp_lock_acquire
                0x000000000800eac0        0xc /opt/gcc-arm-none-eabi-10-2020-q4-major/bin/../lib/gcc/arm-none-eabi/10.2.1/../../../../arm-none-eabi/lib/thumb/v7e-m+dp/hard/libc_nano.a(lib_a-findfp.o)
                0x000000000800eac0                __sfp_lock_acquire
 .text.__sfp_lock_release
                0x000000000800eacc        0xc /opt/gcc-arm-none-eabi-10-2020-q4-major/bin/../lib/gcc/arm-none-eabi/10.2.1/../../../../arm-none-eabi/lib/thumb/v7e-m+dp/hard/libc_nano.a(lib_a-findfp.o)
                0x000000000800eacc                __sfp_lock_release
 .text.__sinit_lock_acquire
                0x000000000800ead8        0xc /opt/gcc-arm-none-eabi-10-2020-q4-major/bin/../lib/gcc/arm-none-eabi/10.2.1/../../../../arm-none-eabi/lib/thumb/v7e-m+dp/hard/libc_nano.a(lib_a-findfp.o)
                0x000000000800ead8                __sinit_lock_acquire
 .text.__sinit_lock_release
                0x000000000800eae4        0xc /opt/gcc-arm-none-eabi-10-2020-q4-major/bin/../lib/gcc/arm-none-eabi/10.2.1/../../../../arm-none-eabi/lib/thumb/v7e-m+dp/hard/libc_nano.a(lib_a-findfp.o)
                0x000000000800eae4                __sinit_lock_release
 .text.__sinit  0x000000000800eaf0       0x70 /opt/gcc-arm-none-eabi-10-2020-q4-major/bin/../lib/gcc/arm-none-eabi/10.2.1/../../../../arm-none-eabi/lib/thumb/v7e-m+dp/hard/libc_nano.a(lib_a-findfp.o)
                0x000000000800eaf0                __sinit
 .text.__sfp    0x000000000800eb60       0x8c /opt/gcc-arm-none-eabi-10-2020-q4-major/bin/../lib/gcc/arm-none-eabi/10.2.1/../../../../arm-none-eabi/lib/thumb/v7e-m+dp/hard/libc_nano.a(lib_a-findfp.o)
                0x000000000800eb60                __sfp
 .text._fwalk_reent
                0x000000000800ebec       0x3e /opt/gcc-arm-none-eabi-10-2020-q4-major/bin/../lib/gcc/arm-none-eabi/10.2.1/../../../../arm-none-eabi/lib/thumb/v7e-m+dp/hard/libc_nano.a(lib_a-fwalk.o)
                0x000000000800ebec                _fwalk_reent
 .text.__retarget_lock_init_recursive
                0x000000000800ec2a        0x2 /opt/gcc-arm-none-eabi-10-2020-q4-major/bin/../lib/gcc/arm-none-eabi/10.2.1/../../../../arm-none-eabi/lib/thumb/v7e-m+dp/hard/libc_nano.a(lib_a-lock.o)
                0x000000000800ec2a                __retarget_lock_init_recursive
 .text.__retarget_lock_acquire_recursive
                0x000000000800ec2c        0x2 /opt/gcc-arm-none-eabi-10-2020-q4-major/bin/../lib/gcc/arm-none-eabi/10.2.1/../../../../arm-none-eabi/lib/thumb/v7e-m+dp/hard/libc_nano.a(lib_a-lock.o)
                0x000000000800ec2c                __retarget_lock_acquire_recursive
 .text.__retarget_lock_release_recursive
                0x000000000800ec2e        0x2 /opt/gcc-arm-none-eabi-10-2020-q4-major/bin/../lib/gcc/arm-none-eabi/10.2.1/../../../../arm-none-eabi/lib/thumb/v7e-m+dp/hard/libc_nano.a(lib_a-lock.o)
                0x000000000800ec2e                __retarget_lock_release_recursive
 .text.__swhatbuf_r
                0x000000000800ec30       0x4a /opt/gcc-arm-none-eabi-10-2020-q4-major/bin/../lib/gcc/arm-none-eabi/10.2.1/../../../../arm-none-eabi/lib/thumb/v7e-m+dp/hard/libc_nano.a(lib_a-makebuf.o)
                0x000000000800ec30                __swhatbuf_r
 *fill*         0x000000000800ec7a        0x2 
 .text.__smakebuf_r
                0x000000000800ec7c       0x80 /opt/gcc-arm-none-eabi-10-2020-q4-major/bin/../lib/gcc/arm-none-eabi/10.2.1/../../../../arm-none-eabi/lib/thumb/v7e-m+dp/hard/libc_nano.a(lib_a-makebuf.o)
                0x000000000800ec7c                __smakebuf_r
 .text._malloc_usable_size_r
                0x000000000800ecfc       0x10 /opt/gcc-arm-none-eabi-10-2020-q4-major/bin/../lib/gcc/arm-none-eabi/10.2.1/../../../../arm-none-eabi/lib/thumb/v7e-m+dp/hard/libc_nano.a(lib_a-nano-msizer.o)
                0x000000000800ecfc                _malloc_usable_size_r
 .text._raise_r
                0x000000000800ed0c       0x50 /opt/gcc-arm-none-eabi-10-2020-q4-major/bin/../lib/gcc/arm-none-eabi/10.2.1/../../../../arm-none-eabi/lib/thumb/v7e-m+dp/hard/libc_nano.a(lib_a-signal.o)
                0x000000000800ed0c                _raise_r
 .text.raise    0x000000000800ed5c       0x10 /opt/gcc-arm-none-eabi-10-2020-q4-major/bin/../lib/gcc/arm-none-eabi/10.2.1/../../../../arm-none-eabi/lib/thumb/v7e-m+dp/hard/libc_nano.a(lib_a-signal.o)
                0x000000000800ed5c                raise
 .text._kill_r  0x000000000800ed6c       0x24 /opt/gcc-arm-none-eabi-10-2020-q4-major/bin/../lib/gcc/arm-none-eabi/10.2.1/../../../../arm-none-eabi/lib/thumb/v7e-m+dp/hard/libc_nano.a(lib_a-signalr.o)
                0x000000000800ed6c                _kill_r
 .text._getpid_r
                0x000000000800ed90        0x4 /opt/gcc-arm-none-eabi-10-2020-q4-major/bin/../lib/gcc/arm-none-eabi/10.2.1/../../../../arm-none-eabi/lib/thumb/v7e-m+dp/hard/libc_nano.a(lib_a-signalr.o)
                0x000000000800ed90                _getpid_r
 .text.__sread  0x000000000800ed94       0x22 /opt/gcc-arm-none-eabi-10-2020-q4-major/bin/../lib/gcc/arm-none-eabi/10.2.1/../../../../arm-none-eabi/lib/thumb/v7e-m+dp/hard/libc_nano.a(lib_a-stdio.o)
                0x000000000800ed94                __sread
 .text.__swrite
                0x000000000800edb6       0x38 /opt/gcc-arm-none-eabi-10-2020-q4-major/bin/../lib/gcc/arm-none-eabi/10.2.1/../../../../arm-none-eabi/lib/thumb/v7e-m+dp/hard/libc_nano.a(lib_a-stdio.o)
                0x000000000800edb6                __swrite
 .text.__sseek  0x000000000800edee       0x24 /opt/gcc-arm-none-eabi-10-2020-q4-major/bin/../lib/gcc/arm-none-eabi/10.2.1/../../../../arm-none-eabi/lib/thumb/v7e-m+dp/hard/libc_nano.a(lib_a-stdio.o)
                0x000000000800edee                __sseek
 .text.__sclose
                0x000000000800ee12        0x8 /opt/gcc-arm-none-eabi-10-2020-q4-major/bin/../lib/gcc/arm-none-eabi/10.2.1/../../../../arm-none-eabi/lib/thumb/v7e-m+dp/hard/libc_nano.a(lib_a-stdio.o)
                0x000000000800ee12                __sclose
 *fill*         0x000000000800ee1a        0x2 
 .text._write_r
                0x000000000800ee1c       0x24 /opt/gcc-arm-none-eabi-10-2020-q4-major/bin/../lib/gcc/arm-none-eabi/10.2.1/../../../../arm-none-eabi/lib/thumb/v7e-m+dp/hard/libc_nano.a(lib_a-writer.o)
                0x000000000800ee1c                _write_r
 .text._close_r
                0x000000000800ee40       0x20 /opt/gcc-arm-none-eabi-10-2020-q4-major/bin/../lib/gcc/arm-none-eabi/10.2.1/../../../../arm-none-eabi/lib/thumb/v7e-m+dp/hard/libc_nano.a(lib_a-closer.o)
                0x000000000800ee40                _close_r
 .text._fstat_r
                0x000000000800ee60       0x24 /opt/gcc-arm-none-eabi-10-2020-q4-major/bin/../lib/gcc/arm-none-eabi/10.2.1/../../../../arm-none-eabi/lib/thumb/v7e-m+dp/hard/libc_nano.a(lib_a-fstatr.o)
                0x000000000800ee60                _fstat_r
 .text._isatty_r
                0x000000000800ee84       0x20 /opt/gcc-arm-none-eabi-10-2020-q4-major/bin/../lib/gcc/arm-none-eabi/10.2.1/../../../../arm-none-eabi/lib/thumb/v7e-m+dp/hard/libc_nano.a(lib_a-isattyr.o)
                0x000000000800ee84                _isatty_r
 .text._lseek_r
                0x000000000800eea4       0x24 /opt/gcc-arm-none-eabi-10-2020-q4-major/bin/../lib/gcc/arm-none-eabi/10.2.1/../../../../arm-none-eabi/lib/thumb/v7e-m+dp/hard/libc_nano.a(lib_a-lseekr.o)
                0x000000000800eea4                _lseek_r
 .text._read_r  0x000000000800eec8       0x24 /opt/gcc-arm-none-eabi-10-2020-q4-major/bin/../lib/gcc/arm-none-eabi/10.2.1/../../../../arm-none-eabi/lib/thumb/v7e-m+dp/hard/libc_nano.a(lib_a-readr.o)
                0x000000000800eec8                _read_r
 .text._close   0x000000000800eeec       0x10 /opt/gcc-arm-none-eabi-10-2020-q4-major/bin/../lib/gcc/arm-none-eabi/10.2.1/../../../../arm-none-eabi/lib/thumb/v7e-m+dp/hard/libnosys.a(close.o)
                0x000000000800eeec                _close
 .text._fstat   0x000000000800eefc       0x10 /opt/gcc-arm-none-eabi-10-2020-q4-major/bin/../lib/gcc/arm-none-eabi/10.2.1/../../../../arm-none-eabi/lib/thumb/v7e-m+dp/hard/libnosys.a(fstat.o)
                0x000000000800eefc                _fstat
 .text._getpid  0x000000000800ef0c       0x10 /opt/gcc-arm-none-eabi-10-2020-q4-major/bin/../lib/gcc/arm-none-eabi/10.2.1/../../../../arm-none-eabi/lib/thumb/v7e-m+dp/hard/libnosys.a(getpid.o)
                0x000000000800ef0c                _getpid
 .text._isatty  0x000000000800ef1c       0x10 /opt/gcc-arm-none-eabi-10-2020-q4-major/bin/../lib/gcc/arm-none-eabi/10.2.1/../../../../arm-none-eabi/lib/thumb/v7e-m+dp/hard/libnosys.a(isatty.o)
                0x000000000800ef1c                _isatty
 .text._kill    0x000000000800ef2c       0x10 /opt/gcc-arm-none-eabi-10-2020-q4-major/bin/../lib/gcc/arm-none-eabi/10.2.1/../../../../arm-none-eabi/lib/thumb/v7e-m+dp/hard/libnosys.a(kill.o)
                0x000000000800ef2c                _kill
 .text._lseek   0x000000000800ef3c       0x10 /opt/gcc-arm-none-eabi-10-2020-q4-major/bin/../lib/gcc/arm-none-eabi/10.2.1/../../../../arm-none-eabi/lib/thumb/v7e-m+dp/hard/libnosys.a(lseek.o)
                0x000000000800ef3c                _lseek
 .text._read    0x000000000800ef4c       0x10 /opt/gcc-arm-none-eabi-10-2020-q4-major/bin/../lib/gcc/arm-none-eabi/10.2.1/../../../../arm-none-eabi/lib/thumb/v7e-m+dp/hard/libnosys.a(read.o)
                0x000000000800ef4c                _read
 .text._sbrk    0x000000000800ef5c       0x1c /opt/gcc-arm-none-eabi-10-2020-q4-major/bin/../lib/gcc/arm-none-eabi/10.2.1/../../../../arm-none-eabi/lib/thumb/v7e-m+dp/hard/libnosys.a(sbrk.o)
                0x000000000800ef5c                _sbrk
 .text._write   0x000000000800ef78       0x10 /opt/gcc-arm-none-eabi-10-2020-q4-major/bin/../lib/gcc/arm-none-eabi/10.2.1/../../../../arm-none-eabi/lib/thumb/v7e-m+dp/hard/libnosys.a(write.o)
                0x000000000800ef78                _write
 .text._exit    0x000000000800ef88        0x4 /opt/gcc-arm-none-eabi-10-2020-q4-major/bin/../lib/gcc/arm-none-eabi/10.2.1/../../../../arm-none-eabi/lib/thumb/v7e-m+dp/hard/libnosys.a(_exit.o)
                0x000000000800ef88                _exit
 *(.glue_7)
 .glue_7        0x000000000800ef8c        0x0 linker stubs
 *(.glue_7t)
 .glue_7t       0x000000000800ef8c        0x0 linker stubs
 *(.gnu.linkonce.t.*)
 *(.rodata)
 .rodata        0x000000000800ef8c       0x5e CMakeFiles/smart_glass_firmware.dir/src/ai/src/depth_processing.c.o
 *fill*         0x000000000800efea        0x2 
 .rodata        0x000000000800efec       0x71 CMakeFiles/smart_glass_firmware.dir/src/ai/src/ei_runtime.c.o
 *fill*         0x000000000800f05d        0x3 
 .rodata        0x000000000800f060       0x7b CMakeFiles/smart_glass_firmware.dir/src/ai/src/object_detection.c.o
 *fill*         0x000000000800f0db        0x1 
 .rodata        0x000000000800f0dc       0x44 CMakeFiles/smart_glass_firmware.dir/src/ai/src/object_tracking.c.o
 .rodata        0x000000000800f120      0x1c2 CMakeFiles/smart_glass_firmware.dir/src/ai/src/scene_understanding.c.o
 *fill*         0x000000000800f2e2        0x2 
 .rodata        0x000000000800f2e4      0x1ec CMakeFiles/smart_glass_firmware.dir/src/application/src/application_manager.c.o
 .rodata        0x000000000800f4d0      0x1a1 CMakeFiles/smart_glass_firmware.dir/src/application/src/emergency_manager.c.o
 *fill*         0x000000000800f671        0x3 
 .rodata        0x000000000800f674      0x23c CMakeFiles/smart_glass_firmware.dir/src/application/src/memory_assistant.c.o
 .rodata        0x000000000800f8b0       0xa8 CMakeFiles/smart_glass_firmware.dir/src/application/src/reminder_manager.c.o
 .rodata        0x000000000800f958      0x477 CMakeFiles/smart_glass_firmware.dir/src/database/src/database_manager.c.o
 *fill*         0x000000000800fdcf        0x1 
 .rodata        0x000000000800fdd0      0x153 CMakeFiles/smart_glass_firmware.dir/src/decision/src/decision_engine.c.o
 *fill*         0x000000000800ff23        0x1 
 .rodata        0x000000000800ff24       0x6d CMakeFiles/smart_glass_firmware.dir/src/freertos_hooks.c.o
 *fill*         0x000000000800ff91        0x3 
 .rodata        0x000000000800ff94       0x44 CMakeFiles/smart_glass_firmware.dir/src/hal/src/audio_hal.c.o
 .rodata        0x000000000800ffd8       0x28 CMakeFiles/smart_glass_firmware.dir/src/hal/src/battery_hal.c.o
 .rodata        0x0000000008010000       0x34 CMakeFiles/smart_glass_firmware.dir/src/hal/src/gps_hal.c.o
 .rodata        0x0000000008010034      0x350 CMakeFiles/smart_glass_firmware.dir/src/main.c.o
 .rodata        0x0000000008010384      0x248 CMakeFiles/smart_glass_firmware.dir/src/middleware/src/config_manager.c.o
 .rodata        0x00000000080105cc       0x22 CMakeFiles/smart_glass_firmware.dir/src/middleware/src/logging_manager.c.o
 *fill*         0x00000000080105ee        0x2 
 .rodata        0x00000000080105f0       0x24 CMakeFiles/smart_glass_firmware.dir/src/middleware/src/message_bus.c.o
 .rodata        0x0000000008010614       0x45 CMakeFiles/smart_glass_firmware.dir/src/middleware/src/system_manager.c.o
 *fill*         0x0000000008010659        0x3 
 .rodata        0x000000000801065c       0x7f CMakeFiles/smart_glass_firmware.dir/src/middleware/src/task_manager.c.o
 *fill*         0x00000000080106db        0x1 
 .rodata        0x00000000080106dc       0x14 CMakeFiles/smart_glass_firmware.dir/src/middleware/src/watchdog_manager.c.o
 .rodata        0x00000000080106f0      0x13f CMakeFiles/smart_glass_firmware.dir/src/navigation/src/navigation_engine.c.o
 *fill*         0x000000000801082f        0x1 
 .rodata        0x0000000008010830       0xea CMakeFiles/smart_glass_firmware.dir/src/navigation/src/obstacle_avoidance.c.o
 *fill*         0x000000000801091a        0x2 
 .rodata        0x000000000801091c       0xed CMakeFiles/smart_glass_firmware.dir/src/navigation/src/path_planner.c.o
 *fill*         0x0000000008010a09        0x3 
 .rodata        0x0000000008010a0c       0x47 CMakeFiles/smart_glass_firmware.dir/src/voice/src/speech_synthesis.c.o
 *fill*         0x0000000008010a53        0x1 
 .rodata        0x0000000008010a54      0x206 CMakeFiles/smart_glass_firmware.dir/src/voice/src/voice_recognition.c.o
 *fill*         0x0000000008010c5a        0x2 
 .rodata        0x0000000008010c5c        0x5 freertos_build/libfreertos_kernel.a(tasks.c.o)
 *fill*         0x0000000008010c61        0x3 
 .rodata        0x0000000008010c64        0xd freertos_build/libfreertos_kernel.a(timers.c.o)
 *(.rodata.*)
 *fill*         0x0000000008010c71        0x3 
 .rodata.SYSTEM_SCHEMA
                0x0000000008010c74       0x18 CMakeFiles/smart_glass_firmware.dir/src/database/src/database_manager.c.o
 .rodata.task_table
                0x0000000008010c8c      0x118 CMakeFiles/smart_glass_firmware.dir/src/middleware/src/task_manager.c.o
 .rodata.__inv_pio4
                0x0000000008010da4       0x60 /opt/gcc-arm-none-eabi-10-2020-q4-major/bin/../lib/gcc/arm-none-eabi/10.2.1/../../../../arm-none-eabi/lib/thumb/v7e-m+dp/hard/libm.a(lib_a-sincosf_data.o)
                0x0000000008010da4                __inv_pio4
 *fill*         0x0000000008010e04        0x4 
 .rodata.__sincosf_table
                0x0000000008010e08       0xe0 /opt/gcc-arm-none-eabi-10-2020-q4-major/bin/../lib/gcc/arm-none-eabi/10.2.1/../../../../arm-none-eabi/lib/thumb/v7e-m+dp/hard/libm.a(lib_a-sincosf_data.o)
                0x0000000008010e08                __sincosf_table
 .rodata.CSWTCH.8
                0x0000000008010ee8        0xc /opt/gcc-arm-none-eabi-10-2020-q4-major/bin/../lib/gcc/arm-none-eabi/10.2.1/../../../../arm-none-eabi/lib/thumb/v7e-m+dp/hard/libm.a(lib_a-ef_atan2.o)
 .rodata.CSWTCH.9
                0x0000000008010ef4        0xc /opt/gcc-arm-none-eabi-10-2020-q4-major/bin/../lib/gcc/arm-none-eabi/10.2.1/../../../../arm-none-eabi/lib/thumb/v7e-m+dp/hard/libm.a(lib_a-ef_atan2.o)
 .rodata.Zero   0x0000000008010f00        0x8 /opt/gcc-arm-none-eabi-10-2020-q4-major/bin/../lib/gcc/arm-none-eabi/10.2.1/../../../../arm-none-eabi/lib/thumb/v7e-m+dp/hard/libm.a(lib_a-ef_fmod.o)
 .rodata.atanhi
                0x0000000008010f08       0x10 /opt/gcc-arm-none-eabi-10-2020-q4-major/bin/../lib/gcc/arm-none-eabi/10.2.1/../../../../arm-none-eabi/lib/thumb/v7e-m+dp/hard/libm.a(lib_a-sf_atan.o)
 .rodata.atanlo
                0x0000000008010f18       0x10 /opt/gcc-arm-none-eabi-10-2020-q4-major/bin/../lib/gcc/arm-none-eabi/10.2.1/../../../../arm-none-eabi/lib/thumb/v7e-m+dp/hard/libm.a(lib_a-sf_atan.o)
 .rodata._global_impure_ptr
                0x0000000008010f28        0x4 /opt/gcc-arm-none-eabi-10-2020-q4-major/bin/../lib/gcc/arm-none-eabi/10.2.1/../../../../arm-none-eabi/lib/thumb/v7e-m+dp/hard/libc_nano.a(lib_a-impure.o)
                0x0000000008010f28                _global_impure_ptr
 .rodata._printf_float.str1.1
                0x0000000008010f2c       0x12 /opt/gcc-arm-none-eabi-10-2020-q4-major/bin/../lib/gcc/arm-none-eabi/10.2.1/../../../../arm-none-eabi/lib/thumb/v7e-m+dp/hard/libc_nano.a(lib_a-nano-vfprintf_float.o)
 .rodata._printf_i.str1.1
                0x0000000008010f3e       0x22 /opt/gcc-arm-none-eabi-10-2020-q4-major/bin/../lib/gcc/arm-none-eabi/10.2.1/../../../../arm-none-eabi/lib/thumb/v7e-m+dp/hard/libc_nano.a(lib_a-nano-vfprintf_i.o)
 .rodata._strtod_l.str1.1
                0x0000000008010f60       0x22 /opt/gcc-arm-none-eabi-10-2020-q4-major/bin/../lib/gcc/arm-none-eabi/10.2.1/../../../../arm-none-eabi/lib/thumb/v7e-m+dp/hard/libc_nano.a(lib_a-strtod.o)
                                          0xd (size before relaxing)
 .rodata.fpi.1  0x0000000008010f60       0x14 /opt/gcc-arm-none-eabi-10-2020-q4-major/bin/../lib/gcc/arm-none-eabi/10.2.1/../../../../arm-none-eabi/lib/thumb/v7e-m+dp/hard/libc_nano.a(lib_a-strtod.o)
 .rodata.fpinan.0
                0x0000000008010f74       0x14 /opt/gcc-arm-none-eabi-10-2020-q4-major/bin/../lib/gcc/arm-none-eabi/10.2.1/../../../../arm-none-eabi/lib/thumb/v7e-m+dp/hard/libc_nano.a(lib_a-strtod.o)
 .rodata.tinytens
                0x0000000008010f88       0x28 /opt/gcc-arm-none-eabi-10-2020-q4-major/bin/../lib/gcc/arm-none-eabi/10.2.1/../../../../arm-none-eabi/lib/thumb/v7e-m+dp/hard/libc_nano.a(lib_a-strtod.o)
 .rodata._ctype_
                0x0000000008010fb0      0x101 /opt/gcc-arm-none-eabi-10-2020-q4-major/bin/../lib/gcc/arm-none-eabi/10.2.1/../../../../arm-none-eabi/lib/thumb/v7e-m+dp/hard/libc_nano.a(lib_a-ctype_.o)
                0x0000000008010fb0                _ctype_
 .rodata._dtoa_r.str1.1
                0x00000000080110b1       0xb2 /opt/gcc-arm-none-eabi-10-2020-q4-major/bin/../lib/gcc/arm-none-eabi/10.2.1/../../../../arm-none-eabi/lib/thumb/v7e-m+dp/hard/libc_nano.a(lib_a-dtoa.o)
                                         0xb4 (size before relaxing)
 .rodata.__gethex.str1.1
                0x0000000008011163       0x85 /opt/gcc-arm-none-eabi-10-2020-q4-major/bin/../lib/gcc/arm-none-eabi/10.2.1/../../../../arm-none-eabi/lib/thumb/v7e-m+dp/hard/libc_nano.a(lib_a-gdtoa-gethex.o)
                                         0x96 (size before relaxing)
 .rodata.str1.1
                0x00000000080111e8        0x2 /opt/gcc-arm-none-eabi-10-2020-q4-major/bin/../lib/gcc/arm-none-eabi/10.2.1/../../../../arm-none-eabi/lib/thumb/v7e-m+dp/hard/libc_nano.a(lib_a-lnumeric.o)
                                          0x3 (size before relaxing)
 *fill*         0x00000000080111ea        0x2 
 .rodata._C_numeric_locale
                0x00000000080111ec        0xc /opt/gcc-arm-none-eabi-10-2020-q4-major/bin/../lib/gcc/arm-none-eabi/10.2.1/../../../../arm-none-eabi/lib/thumb/v7e-m+dp/hard/libc_nano.a(lib_a-lnumeric.o)
                0x00000000080111ec                _C_numeric_locale
 .rodata._setlocale_r.str1.1
                0x00000000080111f8        0x8 /opt/gcc-arm-none-eabi-10-2020-q4-major/bin/../lib/gcc/arm-none-eabi/10.2.1/../../../../arm-none-eabi/lib/thumb/v7e-m+dp/hard/libc_nano.a(lib_a-locale.o)
                                          0x9 (size before relaxing)
 .rodata.str1.1
                0x0000000008011200        0x2 /opt/gcc-arm-none-eabi-10-2020-q4-major/bin/../lib/gcc/arm-none-eabi/10.2.1/../../../../arm-none-eabi/lib/thumb/v7e-m+dp/hard/libc_nano.a(lib_a-locale.o)
 .rodata._Balloc.str1.1
                0x0000000008011200       0x7e /opt/gcc-arm-none-eabi-10-2020-q4-major/bin/../lib/gcc/arm-none-eabi/10.2.1/../../../../arm-none-eabi/lib/thumb/v7e-m+dp/hard/libc_nano.a(lib_a-mprec.o)
                                         0x95 (size before relaxing)
 .rodata.__multadd.str1.1
                0x000000000801127e       0x11 /opt/gcc-arm-none-eabi-10-2020-q4-major/bin/../lib/gcc/arm-none-eabi/10.2.1/../../../../arm-none-eabi/lib/thumb/v7e-m+dp/hard/libc_nano.a(lib_a-mprec.o)
 *fill*         0x000000000801127e        0x2 
 .rodata.__mprec_bigtens
                0x0000000008011280       0x28 /opt/gcc-arm-none-eabi-10-2020-q4-major/bin/../lib/gcc/arm-none-eabi/10.2.1/../../../../arm-none-eabi/lib/thumb/v7e-m+dp/hard/libc_nano.a(lib_a-mprec.o)
                0x0000000008011280                __mprec_bigtens
 .rodata.__mprec_tens
                0x00000000080112a8       0xc8 /opt/gcc-arm-none-eabi-10-2020-q4-major/bin/../lib/gcc/arm-none-eabi/10.2.1/../../../../arm-none-eabi/lib/thumb/v7e-m+dp/hard/libc_nano.a(lib_a-mprec.o)
                0x00000000080112a8                __mprec_tens
 .rodata.p05.0  0x0000000008011370        0xc /opt/gcc-arm-none-eabi-10-2020-q4-major/bin/../lib/gcc/arm-none-eabi/10.2.1/../../../../arm-none-eabi/lib/thumb/v7e-m+dp/hard/libc_nano.a(lib_a-mprec.o)
 .rodata._svfprintf_r.str1.1
                0x000000000801137c       0x11 /opt/gcc-arm-none-eabi-10-2020-q4-major/bin/../lib/gcc/arm-none-eabi/10.2.1/../../../../arm-none-eabi/lib/thumb/v7e-m+dp/hard/libc_nano.a(lib_a-nano-svfprintf.o)
 .rodata.__assert_func.str1.1
                0x000000000801138d       0x3c /opt/gcc-arm-none-eabi-10-2020-q4-major/bin/../lib/gcc/arm-none-eabi/10.2.1/../../../../arm-none-eabi/lib/thumb/v7e-m+dp/hard/libc_nano.a(lib_a-assert.o)
                                         0x3d (size before relaxing)
 .rodata._vfprintf_r.str1.1
                0x00000000080113c9       0x11 /opt/gcc-arm-none-eabi-10-2020-q4-major/bin/../lib/gcc/arm-none-eabi/10.2.1/../../../../arm-none-eabi/lib/thumb/v7e-m+dp/hard/libc_nano.a(lib_a-nano-vfprintf.o)
 *fill*         0x00000000080113c9        0x3 
 .rodata.__sf_fake_stderr
                0x00000000080113cc       0x20 /opt/gcc-arm-none-eabi-10-2020-q4-major/bin/../lib/gcc/arm-none-eabi/10.2.1/../../../../arm-none-eabi/lib/thumb/v7e-m+dp/hard/libc_nano.a(lib_a-findfp.o)
                0x00000000080113cc                __sf_fake_stderr
 .rodata.__sf_fake_stdin
                0x00000000080113ec       0x20 /opt/gcc-arm-none-eabi-10-2020-q4-major/bin/../lib/gcc/arm-none-eabi/10.2.1/../../../../arm-none-eabi/lib/thumb/v7e-m+dp/hard/libc_nano.a(lib_a-findfp.o)
                0x00000000080113ec                __sf_fake_stdin
 .rodata.__sf_fake_stdout
                0x000000000801140c       0x20 /opt/gcc-arm-none-eabi-10-2020-q4-major/bin/../lib/gcc/arm-none-eabi/10.2.1/../../../../arm-none-eabi/lib/thumb/v7e-m+dp/hard/libc_nano.a(lib_a-findfp.o)
                0x000000000801140c                __sf_fake_stdout
 *(.gnu.linkonce.r.*)